Component: ARM Compiler 5.06 update 6 (build 750) Tool: armlink [4d35ed]

==============================================================================

Section Cross References

    startup_stm32f103xb.o(RESET) refers to startup_stm32f103xb.o(STACK) for __initial_sp
    startup_stm32f103xb.o(RESET) refers to startup_stm32f103xb.o(.text) for Reset_Handler
    startup_stm32f103xb.o(RESET) refers to stm32f1xx_it.o(i.NMI_Handler) for NMI_Handler
    startup_stm32f103xb.o(RESET) refers to stm32f1xx_it.o(i.HardFault_Handler) for HardFault_Handler
    startup_stm32f103xb.o(RESET) refers to stm32f1xx_it.o(i.MemManage_Handler) for MemManage_Handler
    startup_stm32f103xb.o(RESET) refers to stm32f1xx_it.o(i.BusFault_Handler) for BusFault_Handler
    startup_stm32f103xb.o(RESET) refers to stm32f1xx_it.o(i.UsageFault_Handler) for UsageFault_Handler
    startup_stm32f103xb.o(RESET) refers to stm32f1xx_it.o(i.SVC_Handler) for SVC_Handler
    startup_stm32f103xb.o(RESET) refers to stm32f1xx_it.o(i.DebugMon_Handler) for DebugMon_Handler
    startup_stm32f103xb.o(RESET) refers to stm32f1xx_it.o(i.PendSV_Handler) for PendSV_Handler
    startup_stm32f103xb.o(RESET) refers to stm32f1xx_it.o(i.SysTick_Handler) for SysTick_Handler
    startup_stm32f103xb.o(RESET) refers to stm32f1xx_it.o(i.TIM1_UP_IRQHandler) for TIM1_UP_IRQHandler
    startup_stm32f103xb.o(RESET) refers to stm32f1xx_it.o(i.TIM1_CC_IRQHandler) for TIM1_CC_IRQHandler
    startup_stm32f103xb.o(RESET) refers to stm32f1xx_it.o(i.TIM2_IRQHandler) for TIM2_IRQHandler
    startup_stm32f103xb.o(RESET) refers to stm32f1xx_it.o(i.USART1_IRQHandler) for USART1_IRQHandler
    startup_stm32f103xb.o(.text) refers to system_stm32f1xx.o(i.SystemInit) for SystemInit
    startup_stm32f103xb.o(.text) refers to entry.o(.ARM.Collect$$$$00000000) for __main
    interface.o(i.AirPushControl) refers to stm32f1xx_hal_tim.o(i.TIM_CCxChannelCmd) for TIM_CCxChannelCmd
    interface.o(i.AirPushControl) refers to main.o(.bss) for htim2
    interface.o(i.AirPushControl) refers to interface.o(.data) for .data
    interface.o(i.DisableTimeInter) refers to main.o(.bss) for htim1
    interface.o(i.EnableTimeInter) refers to main.o(.bss) for htim1
    interface.o(i.FlashCsH) refers to stm32f1xx_hal_gpio.o(i.HAL_GPIO_WritePin) for HAL_GPIO_WritePin
    interface.o(i.FlashCsL) refers to stm32f1xx_hal_gpio.o(i.HAL_GPIO_WritePin) for HAL_GPIO_WritePin
    interface.o(i.IsTouchX) refers to stm32f1xx_hal_gpio.o(i.HAL_GPIO_ReadPin) for HAL_GPIO_ReadPin
    interface.o(i.IsTouchY) refers to stm32f1xx_hal_gpio.o(i.HAL_GPIO_ReadPin) for HAL_GPIO_ReadPin
    interface.o(i.LaserControl) refers to stm32f1xx_hal_tim.o(i.TIM_CCxChannelCmd) for TIM_CCxChannelCmd
    interface.o(i.LaserControl) refers to main.o(.bss) for htim2
    interface.o(i.LaserControl) refers to interface.o(.data) for .data
    interface.o(i.PrintLog) refers to stm32f1xx_hal_uart.o(i.HAL_UART_Transmit) for HAL_UART_Transmit
    interface.o(i.PrintLog) refers to main.o(.bss) for huart1
    interface.o(i.SetTimeCompInterUs) refers to dfixui.o(.text) for __aeabi_d2uiz
    interface.o(i.SetTimeCompInterUs) refers to main.o(.bss) for htim1
    interface.o(i.SetTimeInterMs) refers to dmul.o(.text) for __aeabi_dmul
    interface.o(i.SetTimeInterMs) refers to dfixi.o(.text) for __aeabi_d2iz
    interface.o(i.SetTimeInterMs) refers to dflti.o(.text) for __aeabi_i2d
    interface.o(i.SetTimeInterMs) refers to dadd.o(.text) for __aeabi_drsub
    interface.o(i.SetTimeInterMs) refers to cdcmple.o(.text) for __aeabi_cdcmpeq
    interface.o(i.SetTimeInterMs) refers to interface.o(.data) for .data
    interface.o(i.SetTimeInterMs) refers to main.o(.bss) for htim1
    interface.o(i.W25QCS_SPI_RW) refers to main.o(.bss) for hspi2
    interface.o(i.printPgmString) refers to strlen.o(.text) for strlen
    interface.o(i.printPgmString) refers to stm32f1xx_hal_uart.o(i.HAL_UART_Transmit) for HAL_UART_Transmit
    interface.o(i.printPgmString) refers to main.o(.bss) for huart1
    interface.o(i.spindle_stop) refers to main.o(.bss) for htim2
    mainserver.o(i.CleanGfile) refers to memseta.o(.text) for __aeabi_memclr4
    mainserver.o(i.CleanGfile) refers to w25qxx.o(i.W25QCSXXEraseSectorByIndex) for W25QCSXXEraseSectorByIndex
    mainserver.o(i.CleanGfile) refers to printfa.o(i.__0sprintf) for __2sprintf
    mainserver.o(i.CleanGfile) refers to interface.o(i.printPgmString) for printPgmString
    mainserver.o(i.CleanGfile) refers to interface.o(.bss) for W25q64Dev
    mainserver.o(i.DataInit) refers to memseta.o(.text) for __aeabi_memclr4
    mainserver.o(i.DataInit) refers to w25qxx.o(i.W25Q_Init) for W25Q_Init
    mainserver.o(i.DataInit) refers to grblmeth.o(i.GrblInit) for GrblInit
    mainserver.o(i.DataInit) refers to w25qxx.o(i.W25QCSXX_Read) for W25QCSXX_Read
    mainserver.o(i.DataInit) refers to printfa.o(i.__0sprintf) for __2sprintf
    mainserver.o(i.DataInit) refers to interface.o(i.printPgmString) for printPgmString
[...]
    MX_USART1_UART_Init                      0x08002a91   Thumb Code    74  main.o(i.MX_USART1_UART_Init)
    i.MainServer                             0x08002ae4   Section        0  mainserver.o(i.MainServer)
    i.MemManage_Handler                      0x08002af8   Section        0  stm32f1xx_it.o(i.MemManage_Handler)
    i.NMI_Handler                            0x08002afa   Section        0  stm32f1xx_it.o(i.NMI_Handler)
    i.PendSV_Handler                         0x08002afc   Section        0  stm32f1xx_it.o(i.PendSV_Handler)
    i.PrintLog                               0x08002b00   Section        0  interface.o(i.PrintLog)
    i.ReadCmd                                0x08002b14   Section        0  mainserver.o(i.ReadCmd)
    ReadCmd                                  0x08002b15   Thumb Code   194  mainserver.o(i.ReadCmd)
    i.ReadNoMissingData                      0x08002bfc   Section        0  mainserver.o(i.ReadNoMissingData)
    ReadNoMissingData                        0x08002bfd   Thumb Code    48  mainserver.o(i.ReadNoMissingData)
    i.SVC_Handler                            0x08002c30   Section        0  stm32f1xx_it.o(i.SVC_Handler)
    i.SaveGfile                              0x08002c34   Section        0  mainserver.o(i.SaveGfile)
    i.SaveNoMissingData                      0x08002c98   Section        0  mainserver.o(i.SaveNoMissingData)
    SaveNoMissingData                        0x08002c99   Thumb Code    86  mainserver.o(i.SaveNoMissingData)
    i.SetTimeCompInterUs                     0x08002cf8   Section        0  interface.o(i.SetTimeCompInterUs)
    i.SetTimeInterMs                         0x08002d0c   Section        0  interface.o(i.SetTimeInterMs)
    i.SpProcess                              0x08002d7c   Section        0  serial_protocol.o(i.SpProcess)
    i.SysTick_Handler                        0x08002e5c   Section        0  stm32f1xx_it.o(i.SysTick_Handler)
    i.SystemClock_Config                     0x08002e60   Section        0  main.o(i.SystemClock_Config)
    i.SystemInit                             0x08002ebc   Section        0  system_stm32f1xx.o(i.SystemInit)
    i.TIM1_CC_IRQHandler                     0x08002ec0   Section        0  stm32f1xx_it.o(i.TIM1_CC_IRQHandler)
    i.TIM1_UP_IRQHandler                     0x08002ee0   Section        0  stm32f1xx_it.o(i.TIM1_UP_IRQHandler)
    i.TIM2_IRQHandler                        0x08002f00   Section        0  stm32f1xx_it.o(i.TIM2_IRQHandler)
    i.TIM_Base_SetConfig                     0x08002f0c   Section        0  stm32f1xx_hal_tim.o(i.TIM_Base_SetConfig)
    i.TIM_CCxChannelCmd                      0x08002f78   Section        0  stm32f1xx_hal_tim.o(i.TIM_CCxChannelCmd)
    i.TIM_ETR_SetConfig                      0x08002f92   Section        0  stm32f1xx_hal_tim.o(i.TIM_ETR_SetConfig)
    i.TIM_ITRx_SetConfig                     0x08002fa6   Section        0  stm32f1xx_hal_tim.o(i.TIM_ITRx_SetConfig)
    TIM_ITRx_SetConfig                       0x08002fa7   Thumb Code    16  stm32f1xx_hal_tim.o(i.TIM_ITRx_SetConfig)
    i.TIM_OC1_SetConfig                      0x08002fb8   Section        0  stm32f1xx_hal_tim.o(i.TIM_OC1_SetConfig)
    TIM_OC1_SetConfig                        0x08002fb9   Thumb Code    74  stm32f1xx_hal_tim.o(i.TIM_OC1_SetConfig)
    i.TIM_OC2_SetConfig                      0x08003008   Section        0  stm32f1xx_hal_tim.o(i.TIM_OC2_SetConfig)
    i.TIM_OC3_SetConfig                      0x08003060   Section        0  stm32f1xx_hal_tim.o(i.TIM_OC3_SetConfig)
    TIM_OC3_SetConfig                        0x08003061   Thumb Code    82  stm32f1xx_hal_tim.o(i.TIM_OC3_SetConfig)
    i.TIM_OC4_SetConfig                      0x080030b8   Section        0  stm32f1xx_hal_tim.o(i.TIM_OC4_SetConfig)
    TIM_OC4_SetConfig                        0x080030b9   Thumb Code    64  stm32f1xx_hal_tim.o(i.TIM_OC4_SetConfig)
    i.TIM_TI1_ConfigInputStage               0x080030fc   Section        0  stm32f1xx_hal_tim.o(i.TIM_TI1_ConfigInputStage)
    TIM_TI1_ConfigInputStage                 0x080030fd   Thumb Code    34  stm32f1xx_hal_tim.o(i.TIM_TI1_ConfigInputStage)
    i.TIM_TI2_ConfigInputStage               0x0800311e   Section        0  stm32f1xx_hal_tim.o(i.TIM_TI2_ConfigInputStage)
    TIM_TI2_ConfigInputStage                 0x0800311f   Thumb Code    36  stm32f1xx_hal_tim.o(i.TIM_TI2_ConfigInputStage)
    i.UART_SetConfig                         0x08003144   Section        0  stm32f1xx_hal_uart.o(i.UART_SetConfig)
    UART_SetConfig                           0x08003145   Thumb Code   178  stm32f1xx_hal_uart.o(i.UART_SetConfig)
    i.UART_WaitOnFlagUntilTimeout            0x080031fc   Section        0  stm32f1xx_hal_uart.o(i.UART_WaitOnFlagUntilTimeout)
    UART_WaitOnFlagUntilTimeout              0x080031fd   Thumb Code   100  stm32f1xx_hal_uart.o(i.UART_WaitOnFlagUntilTimeout)
    i.USART1_IRQHandler                      0x08003260   Section        0  stm32f1xx_it.o(i.USART1_IRQHandler)
    i.UsageFault_Handler                     0x080032c0   Section        0  stm32f1xx_it.o(i.UsageFault_Handler)
    i.UsartDeal                              0x080032c4   Section        0  mainserver.o(i.UsartDeal)
    i.W25QCSXXEraseSectorByIndex             0x08003628   Section        0  w25qxx.o(i.W25QCSXXEraseSectorByIndex)
    i.W25QCSXX_Erase_Sector                  0x0800362e   Section        0  w25qxx.o(i.W25QCSXX_Erase_Sector)
    i.W25QCSXX_Read                          0x080036c0   Section        0  w25qxx.o(i.W25QCSXX_Read)
    i.W25QCSXX_Wait_Busy                     0x08003710   Section        0  w25qxx.o(i.W25QCSXX_Wait_Busy)
    W25QCSXX_Wait_Busy                       0x08003711   Thumb Code    66  w25qxx.o(i.W25QCSXX_Wait_Busy)
    i.W25QCSXX_Write_Enable                  0x08003752   Section        0  w25qxx.o(i.W25QCSXX_Write_Enable)
    W25QCSXX_Write_Enable                    0x08003753   Thumb Code    22  w25qxx.o(i.W25QCSXX_Write_Enable)
    i.W25QCSXX_Write_NoCheck                 0x08003768   Section        0  w25qxx.o(i.W25QCSXX_Write_NoCheck)
    i.W25QCSXX_Write_Page                    0x080037aa   Section        0  w25qxx.o(i.W25QCSXX_Write_Page)
    W25QCSXX_Write_Page                      0x080037ab   Thumb Code    82  w25qxx.o(i.W25QCSXX_Write_Page)
    i.W25QCS_SPI_RW                          0x080037fc   Section        0  interface.o(i.W25QCS_SPI_RW)
    i.W25QCS_Write                           0x08003830   Section        0  w25qxx.o(i.W25QCS_Write)
    i.W25Q_Init                              0x080038a0   Section        0  w25qxx.o(i.W25Q_Init)
    i.XAxisDirBack                           0x080038bc   Section        0  interface.o(i.XAxisDirBack)
    i.XAxisDirGo                             0x080038cc   Section        0  interface.o(i.XAxisDirGo)
    i.XAxisPwmH                              0x080038d8   Section        0  interface.o(i.XAxisPwmH)
    i.XAxisPwmL                              0x080038e4   Section        0  interface.o(i.XAxisPwmL)
    i.YAxisDirBack                           0x080038f4   Section        0  interface.o(i.YAxisDirBack)
    i.YAxisDirGo                             0x08003904   Section        0  interface.o(i.YAxisDirGo)
    i.YAxisPwmH                              0x08003910   Section        0  interface.o(i.YAxisPwmH)
    i.YAxisPwmL                              0x0800391c   Section        0  interface.o(i.YAxisPwmL)
    i.ZAxisDirBack                           0x0800392c   Section        0  interface.o(i.ZAxisDirBack)
    i.ZAxisDirGo                             0x0800392e   Section        0  interface.o(i.ZAxisDirGo)
    i.ZAxisPwmH                              0x08003930   Section        0  interface.o(i.ZAxisPwmH)
    i.ZAxisPwmL                              0x08003932   Section        0  interface.o(i.ZAxisPwmL)
    i.__0sprintf                             0x08003934   Section        0  printfa.o(i.__0sprintf)
    i.__ARM_fpclassify                       0x0800395c   Section        0  fpclassify.o(i.__ARM_fpclassify)
    i.__NVIC_SetPriority                     0x08003984   Section        0  stm32f1xx_hal_cortex.o(i.__NVIC_SetPriority)
    __NVIC_SetPriority                       0x08003985   Thumb Code    32  stm32f1xx_hal_cortex.o(i.__NVIC_SetPriority)
    i.__ieee754_rem_pio2                     0x080039a4   Section        0  rred.o(i.__ieee754_rem_pio2)
    i.__kernel_cos                           0x08003d2c   Section        0  cos_i.o(i.__kernel_cos)
    i.__kernel_poly                          0x08003e28   Section        0  poly.o(i.__kernel_poly)
    i.__kernel_sin                           0x08003ed4   Section        0  sin_i.o(i.__kernel_sin)
    i.__mathlib_dbl_divzero                  0x08003fc0   Section        0  dunder.o(i.__mathlib_dbl_divzero)
    i.__mathlib_dbl_infnan                   0x08003fd0   Section        0  dunder.o(i.__mathlib_dbl_infnan)
    i.__mathlib_dbl_infnan2                  0x08003fd6   Section        0  dunder.o(i.__mathlib_dbl_infnan2)
    i.__mathlib_dbl_invalid                  0x08003fda   Section        0  dunder.o(i.__mathlib_dbl_invalid)
    i.__mathlib_dbl_overflow                 0x08003fe6   Section        0  dunder.o(i.__mathlib_dbl_overflow)
    i.__mathlib_dbl_underflow                0x08003ff4   Section        0  dunder.o(i.__mathlib_dbl_underflow)
    i.__scatterload_copy                     0x08004004   Section       14  handlers.o(i.__scatterload_copy)
    i.__scatterload_null                     0x08004012   Section        2  handlers.o(i.__scatterload_null)
    i.__scatterload_zeroinit                 0x08004014   Section       14  handlers.o(i.__scatterload_zeroinit)
    i.__set_errno                            0x08004024   Section        0  errno.o(i.__set_errno)
    i._fp_digits                             0x08004030   Section        0  printfa.o(i._fp_digits)
    _fp_digits                               0x08004031   Thumb Code   366  printfa.o(i._fp_digits)
    i._is_digit                              0x080041b4   Section        0  scanf_fp.o(i._is_digit)
    i._printf_core                           0x080041c4   Section        0  printfa.o(i._printf_core)
    _printf_core                             0x080041c5   Thumb Code  1744  printfa.o(i._printf_core)
    i._printf_post_padding                   0x080048a0   Section        0  printfa.o(i._printf_post_padding)
    _printf_post_padding                     0x080048a1   Thumb Code    36  printfa.o(i._printf_post_padding)
    i._printf_pre_padding                    0x080048c4   Section        0  printfa.o(i._printf_pre_padding)
    _printf_pre_padding                      0x080048c5   Thumb Code    46  printfa.o(i._printf_pre_padding)
    i._sputc                                 0x080048f2   Section        0  printfa.o(i._sputc)
    _sputc                                   0x080048f3   Thumb Code    10  printfa.o(i._sputc)
    i.atan                                   0x080048fc   Section        0  atan.o(i.atan)
    i.calculate_trapezoid_for_block          0x08004b1c   Section        0  planner.o(i.calculate_trapezoid_for_block)
    calculate_trapezoid_for_block            0x08004b1d   Thumb Code   264  planner.o(i.calculate_trapezoid_for_block)
    i.ceil                                   0x08004c30   Section        0  ceil.o(i.ceil)
    i.cos                                    0x08004d0c   Section        0  cos.o(i.cos)
    i.estimate_acceleration_distance         0x08004da8   Section        0  planner.o(i.estimate_acceleration_distance)
    estimate_acceleration_distance           0x08004da9   Thumb Code    74  planner.o(i.estimate_acceleration_distance)
    i.factor_for_safe_speed                  0x08004df2   Section        0  planner.o(i.factor_for_safe_speed)
    i.floor                                  0x08004e04   Section        0  floor.o(i.floor)
    i.gc_execute_line                        0x08004ee0   Section        0  gcode.o(i.gc_execute_line)
    i.gc_init                                0x0800552c   Section        0  gcode.o(i.gc_init)
    i.hypot                                  0x08005578   Section        0  hypot.o(i.hypot)
    i.intersection_distance                  0x08005808   Section        0  planner.o(i.intersection_distance)
    i.junction_jerk                          0x08005872   Section        0  planner.o(i.junction_jerk)
    i.lround                                 0x080058dc   Section        0  lround.o(i.lround)
    i.main                                   0x080059a0   Section        0  main.o(i.main)
    i.max_allowable_speed                    0x080059c8   Section        0  planner.o(i.max_allowable_speed)
    i.mc_arc                                 0x08005a18   Section        0  motion_control.o(i.mc_arc)
    i.mc_dwell                               0x08005be0   Section        0  motion_control.o(i.mc_dwell)
    i.mc_go_home                             0x08005be4   Section        0  motion_control.o(i.mc_go_home)
    i.next_statement                         0x08005be8   Section        0  gcode.o(i.next_statement)
    next_statement                           0x08005be9   Thumb Code    52  gcode.o(i.next_statement)
    i.plan_buffer_line                       0x08005c1c   Section        0  planner.o(i.plan_buffer_line)
    i.plan_discard_current_block             0x08005f00   Section        0  planner.o(i.plan_discard_current_block)
    i.plan_get_current_block                 0x08005f22   Section        0  planner.o(i.plan_get_current_block)
    i.plan_is_acceleration_manager_enabled   0x08005f42   Section        0  planner.o(i.plan_is_acceleration_manager_enabled)
    i.plan_set_acceleration_manager_enabled  0x08005f48   Section        0  planner.o(i.plan_set_acceleration_manager_enabled)
    i.planner_forward_pass_kernel            0x08005f76   Section        0  planner.o(i.planner_forward_pass_kernel)
    i.planner_recalculate                    0x08005fd2   Section        0  planner.o(i.planner_recalculate)
    planner_recalculate                      0x08005fd3   Thumb Code   158  planner.o(i.planner_recalculate)
    i.planner_recalculate_trapezoids         0x08006070   Section        0  planner.o(i.planner_recalculate_trapezoids)
    planner_recalculate_trapezoids           0x08006071   Thumb Code    96  planner.o(i.planner_recalculate_trapezoids)
    i.planner_reverse_pass_kernel            0x080060d0   Section        0  planner.o(i.planner_reverse_pass_kernel)
    i.pow                                    0x08006184   Section        0  pow.o(i.pow)
    i.printPgmString                         0x08006b5c   Section        0  interface.o(i.printPgmString)
    i.read_double                            0x08006b7c   Section        0  gcode.o(i.read_double)
    read_double                              0x08006b7d   Thumb Code    78  gcode.o(i.read_double)
    i.round                                  0x08006bcc   Section        0  round.o(i.round)
    i.set_step_events_per_minute             0x08006c60   Section        0  stepper.o(i.set_step_events_per_minute)
    set_step_events_per_minute               0x08006c61   Thumb Code    56  stepper.o(i.set_step_events_per_minute)
    i.settings_init                          0x08006ca0   Section        0  settings.o(i.settings_init)
    i.settings_reset                         0x08006d4c   Section        0  settings.o(i.settings_reset)
    i.settings_store_setting                 0x08006dac   Section        0  settings.o(i.settings_store_setting)
    i.sin                                    0x08006ef0   Section        0  sin.o(i.sin)
    i.spindle_run                            0x08006f90   Section        0  interface.o(i.spindle_run)
    i.spindle_stop                           0x08006f94   Section        0  interface.o(i.spindle_stop)
    i.sqrt                                   0x08006fb8   Section        0  sqrt.o(i.sqrt)
    i.st_go_home                             0x08007004   Section        0  stepper.o(i.st_go_home)
    i.st_synchronize                         0x08007084   Section        0  stepper.o(i.st_synchronize)
    i.status_message                         0x08007094   Section        0  serial_protocol.o(i.status_message)
    status_message                           0x08007095   Thumb Code   110  serial_protocol.o(i.status_message)
    i.strtod                                 0x080071c4   Section        0  strtod.o(i.strtod)
    i.theta                                  0x080071e0   Section        0  gcode.o(i.theta)
    theta                                    0x080071e1   Thumb Code    84  gcode.o(i.theta)
    i.trapezoid_generator_tick               0x08007240   Section        0  stepper.o(i.trapezoid_generator_tick)
    i.trunc                                  0x080072a0   Section        0  trunc.o(i.trunc)
    .constdata                               0x08007304   Section       16  system_stm32f1xx.o(.constdata)
    .constdata                               0x08007314   Section        8  system_stm32f1xx.o(.constdata)
    .constdata                               0x08007320   Section      152  atan.o(.constdata)
    atanhi                                   0x08007320   Data          32  atan.o(.constdata)
    atanlo                                   0x08007340   Data          32  atan.o(.constdata)
    aTodd                                    0x08007360   Data          40  atan.o(.constdata)
    aTeven                                   0x08007388   Data          48  atan.o(.constdata)
    .constdata                               0x080073b8   Section      136  pow.o(.constdata)
    bp                                       0x080073b8   Data          16  pow.o(.constdata)
    dp_h                                     0x080073c8   Data          16  pow.o(.constdata)
    dp_l                                     0x080073d8   Data          16  pow.o(.constdata)
    L                                        0x080073e8   Data          48  pow.o(.constdata)
    P                                        0x08007418   Data          40  pow.o(.constdata)
    .constdata                               0x08007440   Section       48  cos_i.o(.constdata)
    C                                        0x08007440   Data          48  cos_i.o(.constdata)
    .constdata                               0x08007470   Section        8  qnan.o(.constdata)
    .constdata                               0x08007478   Section      200  rred.o(.constdata)
    pio2s                                    0x08007478   Data          48  rred.o(.constdata)
    twooverpi                                0x080074a8   Data         152  rred.o(.constdata)
    .constdata                               0x08007540   Section       40  sin_i.o(.constdata)
    S                                        0x08007540   Data          40  sin_i.o(.constdata)
    .constdata                               0x08007568   Section       64  ctype_c.o(.constdata)
    .data                                    0x20000000   Section        2  interface.o(.data)
    .data                                    0x20000002   Section        1  interface.o(.data)
    .data                                    0x20000008   Section       16  interface.o(.data)
    laset_time_count                         0x20000008   Data           2  interface.o(.data)
    laset_time_count                         0x2000000a   Data           2  interface.o(.data)
    last_timems                              0x20000010   Data           8  interface.o(.data)
    .data                                    0x20000018   Section       20  mainserver.o(.data)
    CanReadGcodeFileFlag                     0x20000018   Data           1  mainserver.o(.data)
    GcodeParmLen                             0x20000019   Data           1  mainserver.o(.data)
    ErrSaveFlag                              0x2000001a   Data           1  mainserver.o(.data)
    data_flag                                0x2000001b   Data           1  mainserver.o(.data)
    GcodeFileFlagIndex                       0x2000001c   Data           4  mainserver.o(.data)
    w_index                                  0x20000020   Data           4  mainserver.o(.data)
    gfile_len                                0x20000024   Data           4  mainserver.o(.data)
    GcodeFilePar                             0x20000028   Data           4  mainserver.o(.data)
    .data                                    0x2000002c   Section        1  stm32f1xx_it.o(.data)
    i                                        0x2000002c   Data           1  stm32f1xx_it.o(.data)
    .data                                    0x20000030   Section       12  stm32f1xx_hal.o(.data)
    .data                                    0x2000003c   Section        4  system_stm32f1xx.o(.data)
    .data                                    0x20000040   Section        4  errno.o(.data)
    _errno                                   0x20000040   Data           4  errno.o(.data)
    .bss                                     0x20000044   Section      400  interface.o(.bss)
    .bss                                     0x200001d8   Section     2624  interface.o(.bss)
    .bss                                     0x20000c18   Section       28  interface.o(.bss)
    .bss                                     0x20000c34   Section       30  mainserver.o(.bss)
    GcodeParm                                0x20000c34   Data          30  mainserver.o(.bss)
    .bss                                     0x20000c54   Section      300  main.o(.bss)
    STACK                                    0x20000d80   Section     1024  startup_stm32f103xb.o(STACK)

    Global Symbols

    Symbol Name                              Value     Ov Type        Size  Object(Section)

    BuildAttributes$$THM_ISAv4$P$D$K$B$S$PE$A:L22UL41UL21$X:L11$S22US41US21$IEEE1$IW$USESV6$~STKCKD$USESV7$~SHL$OTIME$ROPI$IEEEX$EBA8$MICROLIB$REQ8$PRES8$EABIv2 0x00000000   Number         0  anon$$obj.o ABSOLUTE
    __ARM_use_no_argv                        0x00000000   Number         0  main.o ABSOLUTE
    _printf_a                                0x00000000   Number         0  stubs.o ABSOLUTE
    _printf_c                                0x00000000   Number         0  stubs.o ABSOLUTE
    _printf_charcount                        0x00000000   Number         0  stubs.o ABSOLUTE
    _printf_d                                0x00000000   Number         0  stubs.o ABSOLUTE
    _printf_e                                0x00000000   Number         0  stubs.o ABSOLUTE
    _printf_f                                0x00000000   Number         0  stubs.o ABSOLUTE
    _printf_flags                            0x00000000   Number         0  stubs.o ABSOLUTE
    _printf_fp_dec                           0x00000000   Number         0  stubs.o ABSOLUTE
    _printf_fp_hex                           0x00000000   Number         0  stubs.o ABSOLUTE
    _printf_g                                0x00000000   Number         0  stubs.o ABSOLUTE
    _printf_i                                0x00000000   Number         0  stubs.o ABSOLUTE
    _printf_int_dec                          0x00000000   Number         0  stubs.o ABSOLUTE
    _printf_l                                0x00000000   Number         0  stubs.o ABSOLUTE
    _printf_lc                               0x00000000   Number         0  stubs.o ABSOLUTE
    _printf_ll                               0x00000000   Number         0  stubs.o ABSOLUTE
    _printf_lld                              0x00000000   Number         0  stubs.o ABSOLUTE
    _printf_lli                              0x00000000   Number         0  stubs.o ABSOLUTE
    _printf_llo                              0x00000000   Number         0  stubs.o ABSOLUTE
    _printf_llu                              0x00000000   Number         0  stubs.o ABSOLUTE
    _printf_llx                              0x00000000   Number         0  stubs.o ABSOLUTE
    _printf_longlong_dec                     0x00000000   Number         0  stubs.o ABSOLUTE
    _printf_longlong_hex                     0x00000000   Number         0  stubs.o ABSOLUTE
    _printf_longlong_oct                     0x00000000   Number         0  stubs.o ABSOLUTE
    _printf_ls                               0x00000000   Number         0  stubs.o ABSOLUTE
    _printf_mbtowc                           0x00000000   Number         0  stubs.o ABSOLUTE
    _printf_n                                0x00000000   Number         0  stubs.o ABSOLUTE
    _printf_o                                0x00000000   Number         0  stubs.o ABSOLUTE
    _printf_p                                0x00000000   Number         0  stubs.o ABSOLUTE
    _printf_percent                          0x00000000   Number         0  stubs.o ABSOLUTE
    _printf_pre_padding                      0x00000000   Number         0  stubs.o ABSOLUTE
    _printf_return_value                     0x00000000   Number         0  stubs.o ABSOLUTE
    _printf_s                                0x00000000   Number         0  stubs.o ABSOLUTE
    _printf_sizespec                         0x00000000   Number         0  stubs.o ABSOLUTE
    _printf_str                              0x00000000   Number         0  stubs.o ABSOLUTE
    _printf_truncate_signed                  0x00000000   Number         0  stubs.o ABSOLUTE
    _printf_truncate_unsigned                0x00000000   Number         0  stubs.o ABSOLUTE
    _printf_u                                0x00000000   Number         0  stubs.o ABSOLUTE
    _printf_wc                               0x00000000   Number         0  stubs.o ABSOLUTE
    _printf_wctomb                           0x00000000   Number         0  stubs.o ABSOLUTE
    _printf_widthprec                        0x00000000   Number         0  stubs.o ABSOLUTE
    _printf_x                                0x00000000   Number         0  stubs.o ABSOLUTE
    __cpp_initialize__aeabi_                  - Undefined Weak Reference
    __cxa_finalize                            - Undefined Weak Reference
    __decompress                              - Undefined Weak Reference
    _clock_init                               - Undefined Weak Reference
    _microlib_exit                            - Undefined Weak Reference
    __Vectors_Size                           0x000000ec   Number         0  startup_stm32f103xb.o ABSOLUTE
    __Vectors                                0x08000000   Data           4  startup_stm32f103xb.o(RESET)
    __Vectors_End                            0x080000ec   Data           0  startup_stm32f103xb.o(RESET)
    __main                                   0x080000ed   Thumb Code     0  entry.o(.ARM.Collect$$$$00000000)
    _main_stk                                0x080000ed   Thumb Code     0  entry2.o(.ARM.Collect$$$$00000001)
    _main_scatterload                        0x080000f1   Thumb Code     0  entry5.o(.ARM.Collect$$$$00000004)
    __main_after_scatterload                 0x080000f5   Thumb Code     0  entry5.o(.ARM.Collect$$$$00000004)
    _main_clock                              0x080000f5   Thumb Code     0  entry7b.o(.ARM.Collect$$$$00000008)
    _main_cpp_init                           0x080000f5   Thumb Code     0  entry8b.o(.ARM.Collect$$$$0000000A)
    _main_init                               0x080000f5   Thumb Code     0  entry9a.o(.ARM.Collect$$$$0000000B)
    __rt_final_cpp                           0x080000fd   Thumb Code     0  entry10a.o(.ARM.Collect$$$$0000000D)
    __rt_final_exit                          0x080000fd   Thumb Code     0  entry11a.o(.ARM.Collect$$$$0000000F)
    Reset_Handler                            0x08000101   Thumb Code     8  startup_stm32f103xb.o(.text)
    ADC1_2_IRQHandler                        0x0800011b   Thumb Code     0  startup_stm32f103xb.o(.text)
    CAN1_RX1_IRQHandler                      0x0800011b   Thumb Code     0  startup_stm32f103xb.o(.text)
    CAN1_SCE_IRQHandler                      0x0800011b   Thumb Code     0  startup_stm32f103xb.o(.text)
    DMA1_Channel1_IRQHandler                 0x0800011b   Thumb Code     0  startup_stm32f103xb.o(.text)
    DMA1_Channel2_IRQHandler                 0x0800011b   Thumb Code     0  startup_stm32f103xb.o(.text)
    DMA1_Channel3_IRQHandler                 0x0800011b   Thumb Code     0  startup_stm32f103xb.o(.text)
    DMA1_Channel4_IRQHandler                 0x0800011b   Thumb Code     0  startup_stm32f103xb.o(.text)
    DMA1_Channel5_IRQHandler                 0x0800011b   Thumb Code     0  startup_stm32f103xb.o(.text)
    DMA1_Channel6_IRQHandler                 0x0800011b   Thumb Code     0  startup_stm32f103xb.o(.text)
    DMA1_Channel7_IRQHandler                 0x0800011b   Thumb Code     0  startup_stm32f103xb.o(.text)
    EXTI0_IRQHandler                         0x0800011b   Thumb Code     0  startup_stm32f103xb.o(.text)
    EXTI15_10_IRQHandler                     0x0800011b   Thumb Code     0  startup_stm32f103xb.o(.text)
    EXTI1_IRQHandler                         0x0800011b   Thumb Code     0  startup_stm32f103xb.o(.text)
    EXTI2_IRQHandler                         0x0800011b   Thumb Code     0  startup_stm32f103xb.o(.text)
    EXTI3_IRQHandler                         0x0800011b   Thumb Code     0  startup_stm32f103xb.o(.text)
    EXTI4_IRQHandler                         0x0800011b   Thumb Code     0  startup_stm32f103xb.o(.text)
    EXTI9_5_IRQHandler                       0x0800011b   Thumb Code     0  startup_stm32f103xb.o(.text)
    FLASH_IRQHandler                         0x0800011b   Thumb Code     0  startup_stm32f103xb.o(.text)
    I2C1_ER_IRQHandler                       0x0800011b   Thumb Code     0  startup_stm32f103xb.o(.text)
    I2C1_EV_IRQHandler                       0x0800011b   Thumb Code     0  startup_stm32f103xb.o(.text)
    I2C2_ER_IRQHandler                       0x0800011b   Thumb Code     0  startup_stm32f103xb.o(.text)
    I2C2_EV_IRQHandler                       0x0800011b   Thumb Code     0  startup_stm32f103xb.o(.text)
    PVD_IRQHandler                           0x0800011b   Thumb Code     0  startup_stm32f103xb.o(.text)
    RCC_IRQHandler                           0x0800011b   Thumb Code     0  startup_stm32f103xb.o(.text)
    RTC_Alarm_IRQHandler                     0x0800011b   Thumb Code     0  startup_stm32f103xb.o(.text)
    RTC_IRQHandler                           0x0800011b   Thumb Code     0  startup_stm32f103xb.o(.text)
    SPI1_IRQHandler                          0x0800011b   Thumb Code     0  startup_stm32f103xb.o(.text)
    SPI2_IRQHandler                          0x0800011b   Thumb Code     0  startup_stm32f103xb.o(.text)
    TAMPER_IRQHandler                        0x0800011b   Thumb Code     0  startup_stm32f103xb.o(.text)
    TIM1_BRK_IRQHandler                      0x0800011b   Thumb Code     0  startup_stm32f103xb.o(.text)
    TIM1_TRG_COM_IRQHandler                  0x0800011b   Thumb Code     0  startup_stm32f103xb.o(.text)
    TIM3_IRQHandler                          0x0800011b   Thumb Code     0  startup_stm32f103xb.o(.text)
    TIM4_IRQHandler                          0x0800011b   Thumb Code     0  startup_stm32f103xb.o(.text)
    USART2_IRQHandler                        0x0800011b   Thumb Code     0  startup_stm32f103xb.o(.text)
    USART3_IRQHandler                        0x0800011b   Thumb Code     0  startup_stm32f103xb.o(.text)
    USBWakeUp_IRQHandler                     0x0800011b   Thumb Code     0  startup_stm32f103xb.o(.text)
    USB_HP_CAN1_TX_IRQHandler                0x0800011b   Thumb Code     0  startup_stm32f103xb.o(.text)
    USB_LP_CAN1_RX0_IRQHandler               0x0800011b   Thumb Code     0  startup_stm32f103xb.o(.text)
    WWDG_IRQHandler                          0x0800011b   Thumb Code     0  startup_stm32f103xb.o(.text)
    __aeabi_llsr                             0x08000125   Thumb Code    32  llushr.o(.text)
    _ll_ushift_r                             0x08000125   Thumb Code     0  llushr.o(.text)
    __aeabi_memcpy                           0x08000145   Thumb Code    36  memcpya.o(.text)
    __aeabi_memcpy4                          0x08000145   Thumb Code     0  memcpya.o(.text)
    __aeabi_memcpy8                          0x08000145   Thumb Code     0  memcpya.o(.text)
    __aeabi_memset                           0x08000169   Thumb Code    14  memseta.o(.text)
    __aeabi_memset4                          0x08000169   Thumb Code     0  memseta.o(.text)
    __aeabi_memset8                          0x08000169   Thumb Code     0  memseta.o(.text)
    __aeabi_memclr                           0x08000177   Thumb Code     4  memseta.o(.text)
    __aeabi_memclr4                          0x08000177   Thumb Code     0  memseta.o(.text)
    __aeabi_memclr8                          0x08000177   Thumb Code     0  memseta.o(.text)
    _memset$wrapper                          0x0800017b   Thumb Code    18  memseta.o(.text)
    strstr                                   0x0800018d   Thumb Code    36  strstr.o(.text)
    strlen                                   0x080001b1   Thumb Code    14  strlen.o(.text)
    __aeabi_dadd                             0x080001bf   Thumb Code   322  dadd.o(.text)
    __aeabi_dsub                             0x08000301   Thumb Code     6  dadd.o(.text)
    __aeabi_drsub                            0x08000307   Thumb Code     6  dadd.o(.text)
    __aeabi_dmul                             0x0800030d   Thumb Code   228  dmul.o(.text)
    __aeabi_ddiv                             0x080003f1   Thumb Code   222  ddiv.o(.text)
    __ARM_scalbn                             0x080004cf   Thumb Code    46  dscalb.o(.text)
    scalbn                                   0x080004cf   Thumb Code     0  dscalb.o(.text)
    __aeabi_i2d                              0x080004fd   Thumb Code    34  dflti.o(.text)
    __aeabi_ui2d                             0x0800051f   Thumb Code    26  dfltui.o(.text)
    __aeabi_d2iz                             0x08000539   Thumb Code    62  dfixi.o(.text)
    __aeabi_d2uiz                            0x08000577   Thumb Code    50  dfixui.o(.text)
    __aeabi_cdcmpeq                          0x080005a9   Thumb Code     0  cdcmple.o(.text)
    __aeabi_cdcmple                          0x080005a9   Thumb Code    48  cdcmple.o(.text)
    __aeabi_cdrcmple                         0x080005d9   Thumb Code    48  cdrcmple.o(.text)
    __aeabi_uidiv                            0x08000609   Thumb Code     0  uidiv.o(.text)
    __aeabi_uidivmod                         0x08000609   Thumb Code    44  uidiv.o(.text)
    __aeabi_uldivmod                         0x08000635   Thumb Code    98  uldiv.o(.text)
    __aeabi_llsl                             0x08000697   Thumb Code    30  llshl.o(.text)
    _ll_shift_l                              0x08000697   Thumb Code     0  llshl.o(.text)
    __aeabi_lasr                             0x080006b5   Thumb Code    36  llsshr.o(.text)
    _ll_sshift_r                             0x080006b5   Thumb Code     0  llsshr.o(.text)
    __strtod_int                             0x0800070f   Thumb Code    90  strtod.o(.text)
    __I$use$fp                               0x08000775   Thumb Code     0  iusefp.o(.text)
    _double_round                            0x08000775   Thumb Code    30  depilogue.o(.text)
    _double_epilogue                         0x08000793   Thumb Code   156  depilogue.o(.text)
    _dsqrt                                   0x0800082f   Thumb Code   162  dsqrt.o(.text)
    _drnd                                    0x080008d1   Thumb Code   132  drnd.o(.text)
    __aeabi_d2ulz                            0x08000959   Thumb Code    48  dfixul.o(.text)
    _dfix_r                                  0x08000989   Thumb Code   168  dfixir.o(.text)
    __scatterload                            0x08000a31   Thumb Code    28  init.o(.text)
    __scatterload_rt2                        0x08000a31   Thumb Code     0  init.o(.text)
    isspace                                  0x08000a55   Thumb Code    10  isspace_c.o(.text)
    _scanf_real                              0x08000b89   Thumb Code     0  scanf_fp.o(.text)
    _scanf_really_real                       0x08000b89   Thumb Code   556  scanf_fp.o(.text)
    _sgetc                                   0x08000dc1   Thumb Code    30  _sgetc.o(.text)
    _sbackspace                              0x08000ddf   Thumb Code    34  _sgetc.o(.text)
    _float_round                             0x08000e01   Thumb Code    18  fepilogue.o(.text)
    _float_epilogue                          0x08000e13   Thumb Code    92  fepilogue.o(.text)
    __ctype_lookup                           0x08000e71   Thumb Code    34  ctype_c.o(.text)
    __aeabi_ul2d                             0x08000e99   Thumb Code    24  dfltul.o(.text)
    __aeabi_d2f                              0x08000eb1   Thumb Code    56  d2f.o(.text)
    BusFault_Handler                         0x08000ee9   Thumb Code     2  stm32f1xx_it.o(i.BusFault_Handler)
    CleanGfile                               0x08000eed   Thumb Code   122  mainserver.o(i.CleanGfile)
    DataInit                                 0x08000fc5   Thumb Code   176  mainserver.o(i.DataInit)
    DebugMon_Handler                         0x0800110d   Thumb Code     2  stm32f1xx_it.o(i.DebugMon_Handler)
    DisableTimeInter                         0x08001111   Thumb Code    32  interface.o(i.DisableTimeInter)
    EnableTimeInter                          0x08001135   Thumb Code    14  interface.o(i.EnableTimeInter)
    FlashCsH                                 0x08001149   Thumb Code    10  interface.o(i.FlashCsH)
    FlashCsL                                 0x08001159   Thumb Code    12  interface.o(i.FlashCsL)
    GrblInit                                 0x08001169   Thumb Code   218  grblmeth.o(i.GrblInit)
    GrblPause                                0x08001245   Thumb Code    38  gcode.o(i.GrblPause)
    GrblPrintSettings                        0x0800127d   Thumb Code   224  settings.o(i.GrblPrintSettings)
    GrblResume                               0x080014b5   Thumb Code    22  gcode.o(i.GrblResume)
    GrblStart                                0x080014e1   Thumb Code    28  gcode.o(i.GrblStart)
    GrblStop                                 0x080014fd   Thumb Code   120  gcode.o(i.GrblStop)
    GrblTimeInter                            0x08001589   Thumb Code   432  stepper.o(i.GrblTimeInter)
    GrblTimeInterComp                        0x0800173d   Thumb Code    26  stepper.o(i.GrblTimeInterComp)
    HAL_Delay                                0x08001759   Thumb Code    32  stm32f1xx_hal.o(i.HAL_Delay)
    HAL_GPIO_Init                            0x0800177d   Thumb Code   446  stm32f1xx_hal_gpio.o(i.HAL_GPIO_Init)
    HAL_GPIO_ReadPin                         0x0800195d   Thumb Code    10  stm32f1xx_hal_gpio.o(i.HAL_GPIO_ReadPin)
    HAL_GPIO_WritePin                        0x08001967   Thumb Code    10  stm32f1xx_hal_gpio.o(i.HAL_GPIO_WritePin)
    HAL_GetTick                              0x08001971   Thumb Code     6  stm32f1xx_hal.o(i.HAL_GetTick)
    HAL_IncTick                              0x0800197d   Thumb Code    12  stm32f1xx_hal.o(i.HAL_IncTick)
    HAL_Init                                 0x0800198d   Thumb Code    32  stm32f1xx_hal.o(i.HAL_Init)
    HAL_InitTick                             0x080019b1   Thumb Code    54  stm32f1xx_hal.o(i.HAL_InitTick)
    HAL_MspInit                              0x080019f1   Thumb Code    52  stm32f1xx_hal_msp.o(i.HAL_MspInit)
    HAL_NVIC_EnableIRQ                       0x08001a2d   Thumb Code    26  stm32f1xx_hal_cortex.o(i.HAL_NVIC_EnableIRQ)
    HAL_NVIC_SetPriority                     0x08001a49   Thumb Code    60  stm32f1xx_hal_cortex.o(i.HAL_NVIC_SetPriority)
    HAL_NVIC_SetPriorityGrouping             0x08001a89   Thumb Code    26  stm32f1xx_hal_cortex.o(i.HAL_NVIC_SetPriorityGrouping)
    HAL_RCC_ClockConfig                      0x08001aad   Thumb Code   280  stm32f1xx_hal_rcc.o(i.HAL_RCC_ClockConfig)
    HAL_RCC_GetPCLK1Freq                     0x08001bd9   Thumb Code    20  stm32f1xx_hal_rcc.o(i.HAL_RCC_GetPCLK1Freq)
    HAL_RCC_GetPCLK2Freq                     0x08001bf9   Thumb Code    20  stm32f1xx_hal_rcc.o(i.HAL_RCC_GetPCLK2Freq)
    HAL_RCC_GetSysClockFreq                  0x08001c19   Thumb Code    74  stm32f1xx_hal_rcc.o(i.HAL_RCC_GetSysClockFreq)
    HAL_RCC_OscConfig                        0x08001c85   Thumb Code   778  stm32f1xx_hal_rcc.o(i.HAL_RCC_OscConfig)
    HAL_SPI_Init                             0x08001fa5   Thumb Code   178  stm32f1xx_hal_spi.o(i.HAL_SPI_Init)
    HAL_SPI_MspInit                          0x08002059   Thumb Code   102  stm32f1xx_hal_msp.o(i.HAL_SPI_MspInit)
    HAL_SYSTICK_Config                       0x080020cd   Thumb Code    40  stm32f1xx_hal_cortex.o(i.HAL_SYSTICK_Config)
    HAL_TIMEx_BreakCallback                  0x080020f5   Thumb Code     2  stm32f1xx_hal_tim_ex.o(i.HAL_TIMEx_BreakCallback)
    HAL_TIMEx_CommutCallback                 0x080020f7   Thumb Code     2  stm32f1xx_hal_tim_ex.o(i.HAL_TIMEx_CommutCallback)
    HAL_TIMEx_MasterConfigSynchronization    0x080020f9   Thumb Code    92  stm32f1xx_hal_tim_ex.o(i.HAL_TIMEx_MasterConfigSynchronization)
    HAL_TIM_Base_Init                        0x08002161   Thumb Code    90  stm32f1xx_hal_tim.o(i.HAL_TIM_Base_Init)
    HAL_TIM_Base_MspInit                     0x080021bd   Thumb Code   102  stm32f1xx_hal_msp.o(i.HAL_TIM_Base_MspInit)
    HAL_TIM_ConfigClockSource                0x0800222d   Thumb Code   214  stm32f1xx_hal_tim.o(i.HAL_TIM_ConfigClockSource)
    HAL_TIM_IC_CaptureCallback               0x08002303   Thumb Code     2  stm32f1xx_hal_tim.o(i.HAL_TIM_IC_CaptureCallback)
    HAL_TIM_IRQHandler                       0x08002305   Thumb Code   358  stm32f1xx_hal_tim.o(i.HAL_TIM_IRQHandler)
    HAL_TIM_MspPostInit                      0x0800246d   Thumb Code   112  stm32f1xx_hal_msp.o(i.HAL_TIM_MspPostInit)
    HAL_TIM_OC_DelayElapsedCallback          0x080024ed   Thumb Code     2  stm32f1xx_hal_tim.o(i.HAL_TIM_OC_DelayElapsedCallback)
    HAL_TIM_PWM_ConfigChannel                0x080024ef   Thumb Code   198  stm32f1xx_hal_tim.o(i.HAL_TIM_PWM_ConfigChannel)
    HAL_TIM_PWM_Init                         0x080025b5   Thumb Code    90  stm32f1xx_hal_tim.o(i.HAL_TIM_PWM_Init)
    HAL_TIM_PWM_MspInit                      0x0800260f   Thumb Code     2  stm32f1xx_hal_tim.o(i.HAL_TIM_PWM_MspInit)
    HAL_TIM_PWM_PulseFinishedCallback        0x08002611   Thumb Code     2  stm32f1xx_hal_tim.o(i.HAL_TIM_PWM_PulseFinishedCallback)
    HAL_TIM_PeriodElapsedCallback            0x08002613   Thumb Code     2  stm32f1xx_hal_tim.o(i.HAL_TIM_PeriodElapsedCallback)
    HAL_TIM_TriggerCallback                  0x08002615   Thumb Code     2  stm32f1xx_hal_tim.o(i.HAL_TIM_TriggerCallback)
    HAL_UART_Init                            0x08002617   Thumb Code    98  stm32f1xx_hal_uart.o(i.HAL_UART_Init)
    HAL_UART_MspInit                         0x08002679   Thumb Code   116  stm32f1xx_hal_msp.o(i.HAL_UART_MspInit)
    HAL_UART_Transmit                        0x080026f9   Thumb Code   178  stm32f1xx_hal_uart.o(i.HAL_UART_Transmit)
    HardFault_Handler                        0x080027ab   Thumb Code     2  stm32f1xx_it.o(i.HardFault_Handler)
    IsTouchX                                 0x080027ad   Thumb Code    20  interface.o(i.IsTouchX)
    IsTouchY                                 0x080027c5   Thumb Code    20  interface.o(i.IsTouchY)
    IsTouchZ                                 0x080027dd   Thumb Code     4  interface.o(i.IsTouchZ)
    LaserControl                             0x080027e1   Thumb Code    56  interface.o(i.LaserControl)
    MainServer                               0x08002ae5   Thumb Code    16  mainserver.o(i.MainServer)
    MemManage_Handler                        0x08002af9   Thumb Code     2  stm32f1xx_it.o(i.MemManage_Handler)
    NMI_Handler                              0x08002afb   Thumb Code     2  stm32f1xx_it.o(i.NMI_Handler)
    PendSV_Handler                           0x08002afd   Thumb Code     2  stm32f1xx_it.o(i.PendSV_Handler)
    PrintLog                                 0x08002b01   Thumb Code    14  interface.o(i.PrintLog)
    SVC_Handler                              0x08002c31   Thumb Code     2  stm32f1xx_it.o(i.SVC_Handler)
    SaveGfile                                0x08002c35   Thumb Code    76  mainserver.o(i.SaveGfile)
    SetTimeCompInterUs                       0x08002cf9   Thumb Code    14  interface.o(i.SetTimeCompInterUs)
    SetTimeInterMs                           0x08002d0d   Thumb Code   100  interface.o(i.SetTimeInterMs)
    SpProcess                                0x08002d7d   Thumb Code   202  serial_protocol.o(i.SpProcess)
    SysTick_Handler                          0x08002e5d   Thumb Code     4  stm32f1xx_it.o(i.SysTick_Handler)
    SystemClock_Config                       0x08002e61   Thumb Code    92  main.o(i.SystemClock_Config)
    SystemInit                               0x08002ebd   Thumb Code     2  system_stm32f1xx.o(i.SystemInit)
    TIM1_CC_IRQHandler                       0x08002ec1   Thumb Code    24  stm32f1xx_it.o(i.TIM1_CC_IRQHandler)
    TIM1_UP_IRQHandler                       0x08002ee1   Thumb Code    24  stm32f1xx_it.o(i.TIM1_UP_IRQHandler)
    TIM2_IRQHandler                          0x08002f01   Thumb Code     6  stm32f1xx_it.o(i.TIM2_IRQHandler)
    TIM_Base_SetConfig                       0x08002f0d   Thumb Code    94  stm32f1xx_hal_tim.o(i.TIM_Base_SetConfig)
    TIM_CCxChannelCmd                        0x08002f79   Thumb Code    26  stm32f1xx_hal_tim.o(i.TIM_CCxChannelCmd)
    TIM_ETR_SetConfig                        0x08002f93   Thumb Code    20  stm32f1xx_hal_tim.o(i.TIM_ETR_SetConfig)
    TIM_OC2_SetConfig                        0x08003009   Thumb Code    84  stm32f1xx_hal_tim.o(i.TIM_OC2_SetConfig)
    USART1_IRQHandler                        0x08003261   Thumb Code    76  stm32f1xx_it.o(i.USART1_IRQHandler)
    UsageFault_Handler                       0x080032c1   Thumb Code     2  stm32f1xx_it.o(i.UsageFault_Handler)
    UsartDeal                                0x080032c5   Thumb Code   470  mainserver.o(i.UsartDeal)
    W25QCSXXEraseSectorByIndex               0x08003629   Thumb Code     6  w25qxx.o(i.W25QCSXXEraseSectorByIndex)
    W25QCSXX_Erase_Sector                    0x0800362f   Thumb Code   146  w25qxx.o(i.W25QCSXX_Erase_Sector)
    W25QCSXX_Read                            0x080036c1   Thumb Code    80  w25qxx.o(i.W25QCSXX_Read)
    W25QCSXX_Write_NoCheck                   0x08003769   Thumb Code    66  w25qxx.o(i.W25QCSXX_Write_NoCheck)
    W25QCS_SPI_RW                            0x080037fd   Thumb Code    46  interface.o(i.W25QCS_SPI_RW)
    W25QCS_Write                             0x08003831   Thumb Code   112  w25qxx.o(i.W25QCS_Write)
    W25Q_Init                                0x080038a1   Thumb Code    26  w25qxx.o(i.W25Q_Init)
    XAxisDirBack                             0x080038bd   Thumb Code    10  interface.o(i.XAxisDirBack)
    XAxisDirGo                               0x080038cd   Thumb Code     8  interface.o(i.XAxisDirGo)
    XAxisPwmH                                0x080038d9   Thumb Code     8  interface.o(i.XAxisPwmH)
    XAxisPwmL                                0x080038e5   Thumb Code    10  interface.o(i.XAxisPwmL)
    YAxisDirBack                             0x080038f5   Thumb Code    10  interface.o(i.YAxisDirBack)
    YAxisDirGo                               0x08003905   Thumb Code     8  interface.o(i.YAxisDirGo)
    YAxisPwmH                                0x08003911   Thumb Code     8  interface.o(i.YAxisPwmH)
    YAxisPwmL                                0x0800391d   Thumb Code    10  interface.o(i.YAxisPwmL)
    ZAxisDirBack                             0x0800392d   Thumb Code     2  interface.o(i.ZAxisDirBack)
    ZAxisDirGo                               0x0800392f   Thumb Code     2  interface.o(i.ZAxisDirGo)
    ZAxisPwmH                                0x08003931   Thumb Code     2  interface.o(i.ZAxisPwmH)
    ZAxisPwmL                                0x08003933   Thumb Code     2  interface.o(i.ZAxisPwmL)
    __0sprintf                               0x08003935   Thumb Code    34  printfa.o(i.__0sprintf)
    __1sprintf                               0x08003935   Thumb Code     0  printfa.o(i.__0sprintf)
    __2sprintf                               0x08003935   Thumb Code     0  printfa.o(i.__0sprintf)
    __c89sprintf                             0x08003935   Thumb Code     0  printfa.o(i.__0sprintf)
    sprintf                                  0x08003935   Thumb Code     0  printfa.o(i.__0sprintf)
    __ARM_fpclassify                         0x0800395d   Thumb Code    40  fpclassify.o(i.__ARM_fpclassify)
    __ieee754_rem_pio2                       0x080039a5   Thumb Code   828  rred.o(i.__ieee754_rem_pio2)
    __kernel_cos                             0x08003d2d   Thumb Code   230  cos_i.o(i.__kernel_cos)
    __kernel_poly                            0x08003e29   Thumb Code   170  poly.o(i.__kernel_poly)
    __kernel_sin                             0x08003ed5   Thumb Code   224  sin_i.o(i.__kernel_sin)
    __mathlib_dbl_divzero                    0x08003fc1   Thumb Code    12  dunder.o(i.__mathlib_dbl_divzero)
    __mathlib_dbl_infnan                     0x08003fd1   Thumb Code     6  dunder.o(i.__mathlib_dbl_infnan)
    __mathlib_dbl_infnan2                    0x08003fd7   Thumb Code     4  dunder.o(i.__mathlib_dbl_infnan2)
    __mathlib_dbl_invalid                    0x08003fdb   Thumb Code    12  dunder.o(i.__mathlib_dbl_invalid)
    __mathlib_dbl_overflow                   0x08003fe7   Thumb Code    14  dunder.o(i.__mathlib_dbl_overflow)
    __mathlib_dbl_underflow                  0x08003ff5   Thumb Code    10  dunder.o(i.__mathlib_dbl_underflow)
    __scatterload_copy                       0x08004005   Thumb Code    14  handlers.o(i.__scatterload_copy)
    __scatterload_null                       0x08004013   Thumb Code     2  handlers.o(i.__scatterload_null)
    __scatterload_zeroinit                   0x08004015   Thumb Code    14  handlers.o(i.__scatterload_zeroinit)
    __set_errno                              0x08004025   Thumb Code     6  errno.o(i.__set_errno)
    _is_digit                                0x080041b5   Thumb Code    14  scanf_fp.o(i._is_digit)
    atan                                     0x080048fd   Thumb Code   474  atan.o(i.atan)
    ceil                                     0x08004c31   Thumb Code   204  ceil.o(i.ceil)
    cos                                      0x08004d0d   Thumb Code   148  cos.o(i.cos)
    factor_for_safe_speed                    0x08004df3   Thumb Code    18  planner.o(i.factor_for_safe_speed)
    floor                                    0x08004e05   Thumb Code   204  floor.o(i.floor)
    gc_execute_line                          0x08004ee1   Thumb Code  1606  gcode.o(i.gc_execute_line)
    gc_init                                  0x0800552d   Thumb Code    70  gcode.o(i.gc_init)
    hypot                                    0x08005579   Thumb Code   634  hypot.o(i.hypot)
    intersection_distance                    0x08005809   Thumb Code   106  planner.o(i.intersection_distance)
    junction_jerk                            0x08005873   Thumb Code   104  planner.o(i.junction_jerk)
    lround                                   0x080058dd   Thumb Code   170  lround.o(i.lround)
    main                                     0x080059a1   Thumb Code    38  main.o(i.main)
    max_allowable_speed                      0x080059c9   Thumb Code    76  planner.o(i.max_allowable_speed)
    mc_arc                                   0x08005a19   Thumb Code   456  motion_control.o(i.mc_arc)
    mc_dwell                                 0x08005be1   Thumb Code     4  motion_control.o(i.mc_dwell)
    mc_go_home                               0x08005be5   Thumb Code     4  motion_control.o(i.mc_go_home)
    plan_buffer_line                         0x08005c1d   Thumb Code   724  planner.o(i.plan_buffer_line)
    plan_discard_current_block               0x08005f01   Thumb Code    34  planner.o(i.plan_discard_current_block)
    plan_get_current_block                   0x08005f23   Thumb Code    32  planner.o(i.plan_get_current_block)
    plan_is_acceleration_manager_enabled     0x08005f43   Thumb Code     6  planner.o(i.plan_is_acceleration_manager_enabled)
    plan_set_acceleration_manager_enabled    0x08005f49   Thumb Code    46  planner.o(i.plan_set_acceleration_manager_enabled)
    planner_forward_pass_kernel              0x08005f77   Thumb Code    92  planner.o(i.planner_forward_pass_kernel)
    planner_reverse_pass_kernel              0x080060d1   Thumb Code   176  planner.o(i.planner_reverse_pass_kernel)
    pow                                      0x08006185   Thumb Code  2512  pow.o(i.pow)
    printPgmString                           0x08006b5d   Thumb Code    26  interface.o(i.printPgmString)
    round                                    0x08006bcd   Thumb Code   136  round.o(i.round)
    settings_init                            0x08006ca1   Thumb Code    94  settings.o(i.settings_init)
    settings_reset                           0x08006d4d   Thumb Code    66  settings.o(i.settings_reset)
    settings_store_setting                   0x08006dad   Thumb Code   220  settings.o(i.settings_store_setting)
    sin                                      0x08006ef1   Thumb Code   150  sin.o(i.sin)
    spindle_run                              0x08006f91   Thumb Code     2  interface.o(i.spindle_run)
    spindle_stop                             0x08006f95   Thumb Code    32  interface.o(i.spindle_stop)
    sqrt                                     0x08006fb9   Thumb Code    76  sqrt.o(i.sqrt)
    st_go_home                               0x08007005   Thumb Code   104  stepper.o(i.st_go_home)
    st_synchronize                           0x08007085   Thumb Code    16  stepper.o(i.st_synchronize)
    strtod                                   0x080071c5   Thumb Code    28  strtod.o(i.strtod)
    trapezoid_generator_tick                 0x08007241   Thumb Code    94  stepper.o(i.trapezoid_generator_tick)
    trunc                                    0x080072a1   Thumb Code    96  trunc.o(i.trunc)
    AHBPrescTable                            0x08007304   Data          16  system_stm32f1xx.o(.constdata)
    APBPrescTable                            0x08007314   Data           8  system_stm32f1xx.o(.constdata)
    __mathlib_zero                           0x08007470   Data           8  qnan.o(.constdata)
    __ctype_categories                       0x08007568   Data          64  ctype_c.o(.constdata)
    Region$$Table$$Base                      0x080075a8   Number         0  anon$$obj.o(Region$$Table)
    Region$$Table$$Limit                     0x080075c8   Number         0  anon$$obj.o(Region$$Table)
    PcMsgBufIndex                            0x20000000   Data           2  interface.o(.data)
    PcMsgBufFinishFlag                       0x20000002   Data           1  interface.o(.data)
    uwTickFreq                               0x20000030   Data           1  stm32f1xx_hal.o(.data)
    uwTickPrio                               0x20000034   Data           4  stm32f1xx_hal.o(.data)
    uwTick                                   0x20000038   Data           4  stm32f1xx_hal.o(.data)
    SystemCoreClock                          0x2000003c   Data           4  system_stm32f1xx.o(.data)
    PcMsgBuf                                 0x20000044   Data         400  interface.o(.bss)
    GrblLaser                                0x200001d8   Data        2624  interface.o(.bss)
    W25q64Dev                                0x20000c18   Data          28  interface.o(.bss)
    hspi2                                    0x20000c54   Data          88  main.o(.bss)
    htim1                                    0x20000cac   Data          72  main.o(.bss)
    htim2                                    0x20000cf4   Data          72  main.o(.bss)
    huart1                                   0x20000d3c   Data          68  main.o(.bss)
    __initial_sp                             0x20001180   Data           0  startup_stm32f103xb.o(STACK)



==============================================================================

Memory Map of the image

  Image Entry point : 0x080000ed

  Load Region LR_IROM1 (Base: 0x08000000, Size: 0x0000760c, Max: 0x00010000, ABSOLUTE)

    Execution Region ER_IROM1 (Exec base: 0x08000000, Load base: 0x08000000, Size: 0x000075c8, Max: 0x00010000, ABSOLUTE)

    Exec Addr    Load Addr    Size         Type   Attr      Idx    E Section Name        Object

    0x08000000   0x08000000   0x000000ec   Data   RO            3    RESET               startup_stm32f103xb.o
    0x080000ec   0x080000ec   0x00000000   Code   RO         3831  * .ARM.Collect$$$$00000000  mc_w.l(entry.o)
    0x080000ec   0x080000ec   0x00000004   Code   RO         4160    .ARM.Collect$$$$00000001  mc_w.l(entry2.o)
    0x080000f0   0x080000f0   0x00000004   Code   RO         4163    .ARM.Collect$$$$00000004  mc_w.l(entry5.o)
    0x080000f4   0x080000f4   0x00000000   Code   RO         4165    .ARM.Collect$$$$00000008  mc_w.l(entry7b.o)
    0x080000f4   0x080000f4   0x00000000   Code   RO         4167    .ARM.Collect$$$$0000000A  mc_w.l(entry8b.o)
    0x080000f4   0x080000f4   0x00000008   Code   RO         4168    .ARM.Collect$$$$0000000B  mc_w.l(entry9a.o)
    0x080000fc   0x080000fc   0x00000000   Code   RO         4170    .ARM.Collect$$$$0000000D  mc_w.l(entry10a.o)
    0x080000fc   0x080000fc   0x00000000   Code   RO         4172    .ARM.Collect$$$$0000000F  mc_w.l(entry11a.o)
    0x080000fc   0x080000fc   0x00000004   Code   RO         4161    .ARM.Collect$$$$00002712  mc_w.l(entry2.o)
    0x08000100   0x08000100   0x00000024   Code   RO            4    .text               startup_stm32f103xb.o
    0x08000124   0x08000124   0x00000020   Code   RO         3834    .text               mc_w.l(llushr.o)
    0x08000144   0x08000144   0x00000024   Code   RO         3836    .text               mc_w.l(memcpya.o)
    0x08000168   0x08000168   0x00000024   Code   RO         3838    .text               mc_w.l(memseta.o)
    0x0800018c   0x0800018c   0x00000024   Code   RO         3840    .text               mc_w.l(strstr.o)
    0x080001b0   0x080001b0   0x0000000e   Code   RO         3842    .text               mc_w.l(strlen.o)
    0x080001be   0x080001be   0x0000014e   Code   RO         4107    .text               mf_w.l(dadd.o)
    0x0800030c   0x0800030c   0x000000e4   Code   RO         4109    .text               mf_w.l(dmul.o)
    0x080003f0   0x080003f0   0x000000de   Code   RO         4111    .text               mf_w.l(ddiv.o)
    0x080004ce   0x080004ce   0x0000002e   Code   RO         4113    .text               mf_w.l(dscalb.o)
    0x080004fc   0x080004fc   0x00000022   Code   RO         4115    .text               mf_w.l(dflti.o)
    0x0800051e   0x0800051e   0x0000001a   Code   RO         4117    .text               mf_w.l(dfltui.o)
    0x08000538   0x08000538   0x0000003e   Code   RO         4119    .text               mf_w.l(dfixi.o)
    0x08000576   0x08000576   0x00000032   Code   RO         4121    .text               mf_w.l(dfixui.o)
    0x080005a8   0x080005a8   0x00000030   Code   RO         4123    .text               mf_w.l(cdcmple.o)
    0x080005d8   0x080005d8   0x00000030   Code   RO         4125    .text               mf_w.l(cdrcmple.o)
    0x08000608   0x08000608   0x0000002c   Code   RO         4177    .text               mc_w.l(uidiv.o)
    0x08000634   0x08000634   0x00000062   Code   RO         4179    .text               mc_w.l(uldiv.o)
    0x08000696   0x08000696   0x0000001e   Code   RO         4181    .text               mc_w.l(llshl.o)
    0x080006b4   0x080006b4   0x00000024   Code   RO         4183    .text               mc_w.l(llsshr.o)
    0x080006d8   0x080006d8   0x0000009c   Code   RO         4192    .text               mc_w.l(strtod.o)
    0x08000774   0x08000774   0x00000000   Code   RO         4194    .text               mc_w.l(iusefp.o)
    0x08000774   0x08000774   0x000000ba   Code   RO         4195    .text               mf_w.l(depilogue.o)
    0x0800082e   0x0800082e   0x000000a2   Code   RO         4197    .text               mf_w.l(dsqrt.o)
    0x080008d0   0x080008d0   0x00000088   Code   RO         4199    .text               mf_w.l(drnd.o)
    0x08000958   0x08000958   0x00000030   Code   RO         4201    .text               mf_w.l(dfixul.o)
    0x08000988   0x08000988   0x000000a8   Code   RO         4203    .text               mf_w.l(dfixir.o)
    0x08000a30   0x08000a30   0x00000024   Code   RO         4205    .text               mc_w.l(init.o)
    0x08000a54   0x08000a54   0x0000000a   Code   RO         4208    .text               mc_w.l(isspace_c.o)
    0x08000a5e   0x08000a5e   0x00000002   PAD
    0x08000a60   0x08000a60   0x00000360   Code   RO         4210    .text               mc_w.l(scanf_fp.o)
    0x08000dc0   0x08000dc0   0x00000040   Code   RO         4214    .text               mc_w.l(_sgetc.o)
    0x08000e00   0x08000e00   0x0000006e   Code   RO         4217    .text               mf_w.l(fepilogue.o)
    0x08000e6e   0x08000e6e   0x00000002   PAD
    0x08000e70   0x08000e70   0x00000028   Code   RO         4219    .text               mc_w.l(ctype_c.o)
    0x08000e98   0x08000e98   0x00000018   Code   RO         4222    .text               mf_w.l(dfltul.o)
    0x08000eb0   0x08000eb0   0x00000038   Code   RO         4224    .text               mf_w.l(d2f.o)
    0x08000ee8   0x08000ee8   0x00000002   Code   RO          597    i.BusFault_Handler  stm32f1xx_it.o
    0x08000eea   0x08000eea   0x00000002   PAD
    0x08000eec   0x08000eec   0x000000d8   Code   RO          333    i.CleanGfile        mainserver.o
    0x08000fc4   0x08000fc4   0x00000148   Code   RO          334    i.DataInit          mainserver.o
    0x0800110c   0x0800110c   0x00000002   Code   RO          598    i.DebugMon_Handler  stm32f1xx_it.o
    0x0800110e   0x0800110e   0x00000002   PAD
    0x08001110   0x08001110   0x00000024   Code   RO           14    i.DisableTimeInter  interface.o
    0x08001134   0x08001134   0x00000014   Code   RO           15    i.EnableTimeInter   interface.o
    0x08001148   0x08001148   0x00000010   Code   RO           16    i.FlashCsH          interface.o
    0x08001158   0x08001158   0x00000010   Code   RO           17    i.FlashCsL          interface.o
    0x08001168   0x08001168   0x000000da   Code   RO         3530    i.GrblInit          grblmeth.o
    0x08001242   0x08001242   0x00000002   PAD
    0x08001244   0x08001244   0x00000038   Code   RO         3465    i.GrblPause         gcode.o
    0x0800127c   0x0800127c   0x00000238   Code   RO         3684    i.GrblPrintSettings  settings.o
    0x080014b4   0x080014b4   0x0000002c   Code   RO         3466    i.GrblResume        gcode.o
    0x080014e0   0x080014e0   0x0000001c   Code   RO         3467    i.GrblStart         gcode.o
    0x080014fc   0x080014fc   0x0000008c   Code   RO         3468    i.GrblStop          gcode.o
    0x08001588   0x08001588   0x000001b4   Code   RO         3718    i.GrblTimeInter     stepper.o
    0x0800173c   0x0800173c   0x0000001a   Code   RO         3719    i.GrblTimeInterComp  stepper.o
    0x08001756   0x08001756   0x00000002   PAD
    0x08001758   0x08001758   0x00000024   Code   RO         1132    i.HAL_Delay         stm32f1xx_hal.o
    0x0800177c   0x0800177c   0x000001e0   Code   RO         1440    i.HAL_GPIO_Init     stm32f1xx_hal_gpio.o
    0x0800195c   0x0800195c   0x0000000a   Code   RO         1442    i.HAL_GPIO_ReadPin  stm32f1xx_hal_gpio.o
    0x08001966   0x08001966   0x0000000a   Code   RO         1444    i.HAL_GPIO_WritePin  stm32f1xx_hal_gpio.o
    0x08001970   0x08001970   0x0000000c   Code   RO         1136    i.HAL_GetTick       stm32f1xx_hal.o
    0x0800197c   0x0800197c   0x00000010   Code   RO         1142    i.HAL_IncTick       stm32f1xx_hal.o
    0x0800198c   0x0800198c   0x00000024   Code   RO         1143    i.HAL_Init          stm32f1xx_hal.o
    0x080019b0   0x080019b0   0x00000040   Code   RO         1144    i.HAL_InitTick      stm32f1xx_hal.o
    0x080019f0   0x080019f0   0x0000003c   Code   RO          701    i.HAL_MspInit       stm32f1xx_hal_msp.o
    0x08001a2c   0x08001a2c   0x0000001a   Code   RO         1600    i.HAL_NVIC_EnableIRQ  stm32f1xx_hal_cortex.o
    0x08001a46   0x08001a46   0x00000002   PAD
    0x08001a48   0x08001a48   0x00000040   Code   RO         1606    i.HAL_NVIC_SetPriority  stm32f1xx_hal_cortex.o
    0x08001a88   0x08001a88   0x00000024   Code   RO         1607    i.HAL_NVIC_SetPriorityGrouping  stm32f1xx_hal_cortex.o
    0x08001aac   0x08001aac   0x0000012c   Code   RO         1300    i.HAL_RCC_ClockConfig  stm32f1xx_hal_rcc.o
    0x08001bd8   0x08001bd8   0x00000020   Code   RO         1307    i.HAL_RCC_GetPCLK1Freq  stm32f1xx_hal_rcc.o
    0x08001bf8   0x08001bf8   0x00000020   Code   RO         1308    i.HAL_RCC_GetPCLK2Freq  stm32f1xx_hal_rcc.o
    0x08001c18   0x08001c18   0x0000006c   Code   RO         1309    i.HAL_RCC_GetSysClockFreq  stm32f1xx_hal_rcc.o
    0x08001c84   0x08001c84   0x00000320   Code   RO         1312    i.HAL_RCC_OscConfig  stm32f1xx_hal_rcc.o
    0x08001fa4   0x08001fa4   0x000000b2   Code   RO          814    i.HAL_SPI_Init      stm32f1xx_hal_spi.o
    0x08002056   0x08002056   0x00000002   PAD
    0x08002058   0x08002058   0x00000074   Code   RO          703    i.HAL_SPI_MspInit   stm32f1xx_hal_msp.o
    0x080020cc   0x080020cc   0x00000028   Code   RO         1611    i.HAL_SYSTICK_Config  stm32f1xx_hal_cortex.o
    0x080020f4   0x080020f4   0x00000002   Code   RO         2806    i.HAL_TIMEx_BreakCallback  stm32f1xx_hal_tim_ex.o
    0x080020f6   0x080020f6   0x00000002   Code   RO         2807    i.HAL_TIMEx_CommutCallback  stm32f1xx_hal_tim_ex.o
    0x080020f8   0x080020f8   0x00000068   Code   RO         2825    i.HAL_TIMEx_MasterConfigSynchronization  stm32f1xx_hal_tim_ex.o
    0x08002160   0x08002160   0x0000005a   Code   RO         2102    i.HAL_TIM_Base_Init  stm32f1xx_hal_tim.o
    0x080021ba   0x080021ba   0x00000002   PAD
    0x080021bc   0x080021bc   0x00000070   Code   RO          705    i.HAL_TIM_Base_MspInit  stm32f1xx_hal_msp.o
    0x0800222c   0x0800222c   0x000000d6   Code   RO         2111    i.HAL_TIM_ConfigClockSource  stm32f1xx_hal_tim.o
    0x08002302   0x08002302   0x00000002   Code   RO         2136    i.HAL_TIM_IC_CaptureCallback  stm32f1xx_hal_tim.o
    0x08002304   0x08002304   0x00000166   Code   RO         2150    i.HAL_TIM_IRQHandler  stm32f1xx_hal_tim.o
    0x0800246a   0x0800246a   0x00000002   PAD
    0x0800246c   0x0800246c   0x00000080   Code   RO          706    i.HAL_TIM_MspPostInit  stm32f1xx_hal_msp.o
    0x080024ec   0x080024ec   0x00000002   Code   RO         2153    i.HAL_TIM_OC_DelayElapsedCallback  stm32f1xx_hal_tim.o
    0x080024ee   0x080024ee   0x000000c6   Code   RO         2174    i.HAL_TIM_PWM_ConfigChannel  stm32f1xx_hal_tim.o
    0x080025b4   0x080025b4   0x0000005a   Code   RO         2177    i.HAL_TIM_PWM_Init  stm32f1xx_hal_tim.o
    0x0800260e   0x0800260e   0x00000002   Code   RO         2179    i.HAL_TIM_PWM_MspInit  stm32f1xx_hal_tim.o
    0x08002610   0x08002610   0x00000002   Code   RO         2180    i.HAL_TIM_PWM_PulseFinishedCallback  stm32f1xx_hal_tim.o
    0x08002612   0x08002612   0x00000002   Code   RO         2188    i.HAL_TIM_PeriodElapsedCallback  stm32f1xx_hal_tim.o
    0x08002614   0x08002614   0x00000002   Code   RO         2193    i.HAL_TIM_TriggerCallback  stm32f1xx_hal_tim.o
    0x08002616   0x08002616   0x00000062   Code   RO         3102    i.HAL_UART_Init     stm32f1xx_hal_uart.o
    0x08002678   0x08002678   0x00000080   Code   RO          708    i.HAL_UART_MspInit  stm32f1xx_hal_msp.o
    0x080026f8   0x080026f8   0x000000b2   Code   RO         3110    i.HAL_UART_Transmit  stm32f1xx_hal_uart.o
    0x080027aa   0x080027aa   0x00000002   Code   RO          599    i.HardFault_Handler  stm32f1xx_it.o
    0x080027ac   0x080027ac   0x00000018   Code   RO           18    i.IsTouchX          interface.o
    0x080027c4   0x080027c4   0x00000018   Code   RO           19    i.IsTouchY          interface.o
    0x080027dc   0x080027dc   0x00000004   Code   RO           20    i.IsTouchZ          interface.o
    0x080027e0   0x080027e0   0x00000040   Code   RO           21    i.LaserControl      interface.o
    0x08002820   0x08002820   0x000000bc   Code   RO          512    i.MX_GPIO_Init      main.o
    0x080028dc   0x080028dc   0x0000004c   Code   RO          513    i.MX_SPI2_Init      main.o
    0x08002928   0x08002928   0x000000ac   Code   RO          514    i.MX_TIM1_Init      main.o
    0x080029d4   0x080029d4   0x000000bc   Code   RO          515    i.MX_TIM2_Init      main.o
    0x08002a90   0x08002a90   0x00000054   Code   RO          516    i.MX_USART1_UART_Init  main.o
    0x08002ae4   0x08002ae4   0x00000014   Code   RO          336    i.MainServer        mainserver.o
    0x08002af8   0x08002af8   0x00000002   Code   RO          600    i.MemManage_Handler  stm32f1xx_it.o
    0x08002afa   0x08002afa   0x00000002   Code   RO          601    i.NMI_Handler       stm32f1xx_it.o
    0x08002afc   0x08002afc   0x00000002   Code   RO          602    i.PendSV_Handler    stm32f1xx_it.o
    0x08002afe   0x08002afe   0x00000002   PAD
    0x08002b00   0x08002b00   0x00000014   Code   RO           22    i.PrintLog          interface.o
    0x08002b14   0x08002b14   0x000000e8   Code   RO          337    i.ReadCmd           mainserver.o
    0x08002bfc   0x08002bfc   0x00000034   Code   RO          338    i.ReadNoMissingData  mainserver.o
    0x08002c30   0x08002c30   0x00000002   Code   RO          603    i.SVC_Handler       stm32f1xx_it.o
    0x08002c32   0x08002c32   0x00000002   PAD
    0x08002c34   0x08002c34   0x00000064   Code   RO          340    i.SaveGfile         mainserver.o
    0x08002c98   0x08002c98   0x00000060   Code   RO          341    i.SaveNoMissingData  mainserver.o
    0x08002cf8   0x08002cf8   0x00000014   Code   RO           23    i.SetTimeCompInterUs  interface.o
    0x08002d0c   0x08002d0c   0x00000070   Code   RO           24    i.SetTimeInterMs    interface.o
    0x08002d7c   0x08002d7c   0x000000e0   Code   RO         3667    i.SpProcess         serial_protocol.o
    0x08002e5c   0x08002e5c   0x00000004   Code   RO          604    i.SysTick_Handler   stm32f1xx_it.o
    0x08002e60   0x08002e60   0x0000005c   Code   RO          517    i.SystemClock_Config  main.o
    0x08002ebc   0x08002ebc   0x00000002   Code   RO         3431    i.SystemInit        system_stm32f1xx.o
    0x08002ebe   0x08002ebe   0x00000002   PAD
    0x08002ec0   0x08002ec0   0x00000020   Code   RO          605    i.TIM1_CC_IRQHandler  stm32f1xx_it.o
    0x08002ee0   0x08002ee0   0x00000020   Code   RO          606    i.TIM1_UP_IRQHandler  stm32f1xx_it.o
    0x08002f00   0x08002f00   0x0000000c   Code   RO          607    i.TIM2_IRQHandler   stm32f1xx_it.o
    0x08002f0c   0x08002f0c   0x0000006c   Code   RO         2195    i.TIM_Base_SetConfig  stm32f1xx_hal_tim.o
    0x08002f78   0x08002f78   0x0000001a   Code   RO         2196    i.TIM_CCxChannelCmd  stm32f1xx_hal_tim.o
    0x08002f92   0x08002f92   0x00000014   Code   RO         2206    i.TIM_ETR_SetConfig  stm32f1xx_hal_tim.o
    0x08002fa6   0x08002fa6   0x00000010   Code   RO         2207    i.TIM_ITRx_SetConfig  stm32f1xx_hal_tim.o
    0x08002fb6   0x08002fb6   0x00000002   PAD
    0x08002fb8   0x08002fb8   0x00000050   Code   RO         2208    i.TIM_OC1_SetConfig  stm32f1xx_hal_tim.o
    0x08003008   0x08003008   0x00000058   Code   RO         2209    i.TIM_OC2_SetConfig  stm32f1xx_hal_tim.o
    0x08003060   0x08003060   0x00000058   Code   RO         2210    i.TIM_OC3_SetConfig  stm32f1xx_hal_tim.o
    0x080030b8   0x080030b8   0x00000044   Code   RO         2211    i.TIM_OC4_SetConfig  stm32f1xx_hal_tim.o
    0x080030fc   0x080030fc   0x00000022   Code   RO         2213    i.TIM_TI1_ConfigInputStage  stm32f1xx_hal_tim.o
    0x0800311e   0x0800311e   0x00000024   Code   RO         2215    i.TIM_TI2_ConfigInputStage  stm32f1xx_hal_tim.o
    0x08003142   0x08003142   0x00000002   PAD
    0x08003144   0x08003144   0x000000b8   Code   RO         3128    i.UART_SetConfig    stm32f1xx_hal_uart.o
    0x080031fc   0x080031fc   0x00000064   Code   RO         3131    i.UART_WaitOnFlagUntilTimeout  stm32f1xx_hal_uart.o
    0x08003260   0x08003260   0x00000060   Code   RO          608    i.USART1_IRQHandler  stm32f1xx_it.o
    0x080032c0   0x080032c0   0x00000002   Code   RO          609    i.UsageFault_Handler  stm32f1xx_it.o
    0x080032c2   0x080032c2   0x00000002   PAD
    0x080032c4   0x080032c4   0x00000364   Code   RO          342    i.UsartDeal         mainserver.o
    0x08003628   0x08003628   0x00000006   Code   RO          415    i.W25QCSXXEraseSectorByIndex  w25qxx.o
    0x0800362e   0x0800362e   0x00000092   Code   RO          417    i.W25QCSXX_Erase_Sector  w25qxx.o
    0x080036c0   0x080036c0   0x00000050   Code   RO          419    i.W25QCSXX_Read     w25qxx.o
    0x08003710   0x08003710   0x00000042   Code   RO          422    i.W25QCSXX_Wait_Busy  w25qxx.o
    0x08003752   0x08003752   0x00000016   Code   RO          423    i.W25QCSXX_Write_Enable  w25qxx.o
    0x08003768   0x08003768   0x00000042   Code   RO          424    i.W25QCSXX_Write_NoCheck  w25qxx.o
    0x080037aa   0x080037aa   0x00000052   Code   RO          425    i.W25QCSXX_Write_Page  w25qxx.o
    0x080037fc   0x080037fc   0x00000034   Code   RO           25    i.W25QCS_SPI_RW     interface.o
    0x08003830   0x08003830   0x00000070   Code   RO          427    i.W25QCS_Write      w25qxx.o
    0x080038a0   0x080038a0   0x0000001a   Code   RO          428    i.W25Q_Init         w25qxx.o
    0x080038ba   0x080038ba   0x00000002   PAD
    0x080038bc   0x080038bc   0x00000010   Code   RO           26    i.XAxisDirBack      interface.o
    0x080038cc   0x080038cc   0x0000000c   Code   RO           27    i.XAxisDirGo        interface.o
    0x080038d8   0x080038d8   0x0000000c   Code   RO           28    i.XAxisPwmH         interface.o
    0x080038e4   0x080038e4   0x00000010   Code   RO           29    i.XAxisPwmL         interface.o
    0x080038f4   0x080038f4   0x00000010   Code   RO           30    i.YAxisDirBack      interface.o
    0x08003904   0x08003904   0x0000000c   Code   RO           31    i.YAxisDirGo        interface.o
    0x08003910   0x08003910   0x0000000c   Code   RO           32    i.YAxisPwmH         interface.o
    0x0800391c   0x0800391c   0x00000010   Code   RO           33    i.YAxisPwmL         interface.o
    0x0800392c   0x0800392c   0x00000002   Code   RO           34    i.ZAxisDirBack      interface.o
    0x0800392e   0x0800392e   0x00000002   Code   RO           35    i.ZAxisDirGo        interface.o
    0x08003930   0x08003930   0x00000002   Code   RO           36    i.ZAxisPwmH         interface.o
    0x08003932   0x08003932   0x00000002   Code   RO           37    i.ZAxisPwmL         interface.o
    0x08003934   0x08003934   0x00000028   Code   RO         4081    i.__0sprintf        mc_w.l(printfa.o)
    0x0800395c   0x0800395c   0x00000028   Code   RO         4144    i.__ARM_fpclassify  m_ws.l(fpclassify.o)
    0x08003984   0x08003984   0x00000020   Code   RO         1613    i.__NVIC_SetPriority  stm32f1xx_hal_cortex.o
    0x080039a4   0x080039a4   0x00000388   Code   RO         4149    i.__ieee754_rem_pio2  m_ws.l(rred.o)
    0x08003d2c   0x08003d2c   0x000000fc   Code   RO         4127    i.__kernel_cos      m_ws.l(cos_i.o)
    0x08003e28   0x08003e28   0x000000aa   Code   RO         4146    i.__kernel_poly     m_ws.l(poly.o)
    0x08003ed2   0x08003ed2   0x00000002   PAD
    0x08003ed4   0x08003ed4   0x000000ec   Code   RO         4154    i.__kernel_sin      m_ws.l(sin_i.o)
    0x08003fc0   0x08003fc0   0x00000010   Code   RO         4130    i.__mathlib_dbl_divzero  m_ws.l(dunder.o)
    0x08003fd0   0x08003fd0   0x00000006   Code   RO         4131    i.__mathlib_dbl_infnan  m_ws.l(dunder.o)
    0x08003fd6   0x08003fd6   0x00000004   Code   RO         4132    i.__mathlib_dbl_infnan2  m_ws.l(dunder.o)
    0x08003fda   0x08003fda   0x0000000c   Code   RO         4133    i.__mathlib_dbl_invalid  m_ws.l(dunder.o)
    0x08003fe6   0x08003fe6   0x0000000e   Code   RO         4134    i.__mathlib_dbl_overflow  m_ws.l(dunder.o)
    0x08003ff4   0x08003ff4   0x00000010   Code   RO         4136    i.__mathlib_dbl_underflow  m_ws.l(dunder.o)
    0x08004004   0x08004004   0x0000000e   Code   RO         4228    i.__scatterload_copy  mc_w.l(handlers.o)
    0x08004012   0x08004012   0x00000002   Code   RO         4229    i.__scatterload_null  mc_w.l(handlers.o)
    0x08004014   0x08004014   0x0000000e   Code   RO         4230    i.__scatterload_zeroinit  mc_w.l(handlers.o)
    0x08004022   0x08004022   0x00000002   PAD
    0x08004024   0x08004024   0x0000000c   Code   RO         4187    i.__set_errno       mc_w.l(errno.o)
    0x08004030   0x08004030   0x00000184   Code   RO         4086    i._fp_digits        mc_w.l(printfa.o)
    0x080041b4   0x080041b4   0x0000000e   Code   RO         4212    i._is_digit         mc_w.l(scanf_fp.o)
    0x080041c2   0x080041c2   0x00000002   PAD
    0x080041c4   0x080041c4   0x000006dc   Code   RO         4087    i._printf_core      mc_w.l(printfa.o)
    0x080048a0   0x080048a0   0x00000024   Code   RO         4088    i._printf_post_padding  mc_w.l(printfa.o)
    0x080048c4   0x080048c4   0x0000002e   Code   RO         4089    i._printf_pre_padding  mc_w.l(printfa.o)
    0x080048f2   0x080048f2   0x0000000a   Code   RO         4091    i._sputc            mc_w.l(printfa.o)
    0x080048fc   0x080048fc   0x00000220   Code   RO         3760    i.atan              m_ws.l(atan.o)
    0x08004b1c   0x08004b1c   0x00000114   Code   RO         3566    i.calculate_trapezoid_for_block  planner.o
    0x08004c30   0x08004c30   0x000000dc   Code   RO         3770    i.ceil              m_ws.l(ceil.o)
    0x08004d0c   0x08004d0c   0x0000009c   Code   RO         3774    i.cos               m_ws.l(cos.o)
    0x08004da8   0x08004da8   0x0000004a   Code   RO         3567    i.estimate_acceleration_distance  planner.o
    0x08004df2   0x08004df2   0x00000012   Code   RO         3568    i.factor_for_safe_speed  planner.o
    0x08004e04   0x08004e04   0x000000dc   Code   RO         3782    i.floor             m_ws.l(floor.o)
    0x08004ee0   0x08004ee0   0x0000064c   Code   RO         3469    i.gc_execute_line   gcode.o
    0x0800552c   0x0800552c   0x0000004c   Code   RO         3470    i.gc_init           gcode.o
    0x08005578   0x08005578   0x00000290   Code   RO         3786    i.hypot             m_ws.l(hypot.o)
    0x08005808   0x08005808   0x0000006a   Code   RO         3569    i.intersection_distance  planner.o
    0x08005872   0x08005872   0x00000068   Code   RO         3570    i.junction_jerk     planner.o
    0x080058da   0x080058da   0x00000002   PAD
    0x080058dc   0x080058dc   0x000000c4   Code   RO         3827    i.lround            m_ws.l(lround.o)
    0x080059a0   0x080059a0   0x00000026   Code   RO          518    i.main              main.o
    0x080059c6   0x080059c6   0x00000002   PAD
    0x080059c8   0x080059c8   0x00000050   Code   RO         3571    i.max_allowable_speed  planner.o
    0x08005a18   0x08005a18   0x000001c8   Code   RO         3542    i.mc_arc            motion_control.o
    0x08005be0   0x08005be0   0x00000004   Code   RO         3543    i.mc_dwell          motion_control.o
    0x08005be4   0x08005be4   0x00000004   Code   RO         3544    i.mc_go_home        motion_control.o
    0x08005be8   0x08005be8   0x00000034   Code   RO         3471    i.next_statement    gcode.o
    0x08005c1c   0x08005c1c   0x000002e4   Code   RO         3572    i.plan_buffer_line  planner.o
    0x08005f00   0x08005f00   0x00000022   Code   RO         3573    i.plan_discard_current_block  planner.o
    0x08005f22   0x08005f22   0x00000020   Code   RO         3574    i.plan_get_current_block  planner.o
    0x08005f42   0x08005f42   0x00000006   Code   RO         3576    i.plan_is_acceleration_manager_enabled  planner.o
    0x08005f48   0x08005f48   0x0000002e   Code   RO         3577    i.plan_set_acceleration_manager_enabled  planner.o
    0x08005f76   0x08005f76   0x0000005c   Code   RO         3578    i.planner_forward_pass_kernel  planner.o
    0x08005fd2   0x08005fd2   0x0000009e   Code   RO         3579    i.planner_recalculate  planner.o
    0x08006070   0x08006070   0x00000060   Code   RO         3580    i.planner_recalculate_trapezoids  planner.o
    0x080060d0   0x080060d0   0x000000b4   Code   RO         3581    i.planner_reverse_pass_kernel  planner.o
    0x08006184   0x08006184   0x000009d8   Code   RO         3794    i.pow               m_ws.l(pow.o)
    0x08006b5c   0x08006b5c   0x00000020   Code   RO           38    i.printPgmString    interface.o
    0x08006b7c   0x08006b7c   0x0000004e   Code   RO         3472    i.read_double       gcode.o
    0x08006bca   0x08006bca   0x00000002   PAD
    0x08006bcc   0x08006bcc   0x00000094   Code   RO         3803    i.round             m_ws.l(round.o)
    0x08006c60   0x08006c60   0x00000040   Code   RO         3720    i.set_step_events_per_minute  stepper.o
    0x08006ca0   0x08006ca0   0x000000ac   Code   RO         3685    i.settings_init     settings.o
    0x08006d4c   0x08006d4c   0x00000060   Code   RO         3686    i.settings_reset    settings.o
    0x08006dac   0x08006dac   0x00000144   Code   RO         3687    i.settings_store_setting  settings.o
    0x08006ef0   0x08006ef0   0x000000a0   Code   RO         3806    i.sin               m_ws.l(sin.o)
    0x08006f90   0x08006f90   0x00000002   Code   RO           39    i.spindle_run       interface.o
    0x08006f92   0x08006f92   0x00000002   PAD
    0x08006f94   0x08006f94   0x00000024   Code   RO           40    i.spindle_stop      interface.o
    0x08006fb8   0x08006fb8   0x0000004c   Code   RO         3814    i.sqrt              m_ws.l(sqrt.o)
    0x08007004   0x08007004   0x00000080   Code   RO         3721    i.st_go_home        stepper.o
    0x08007084   0x08007084   0x00000010   Code   RO         3722    i.st_synchronize    stepper.o
    0x08007094   0x08007094   0x00000130   Code   RO         3668    i.status_message    serial_protocol.o
    0x080071c4   0x080071c4   0x0000001c   Code   RO         3822    i.strtod            m_ws.l(strtod.o)
    0x080071e0   0x080071e0   0x00000060   Code   RO         3473    i.theta             gcode.o
    0x08007240   0x08007240   0x0000005e   Code   RO         3723    i.trapezoid_generator_tick  stepper.o
    0x0800729e   0x0800729e   0x00000002   PAD
    0x080072a0   0x080072a0   0x00000064   Code   RO         3825    i.trunc             m_ws.l(trunc.o)
    0x08007304   0x08007304   0x00000010   Data   RO         3432    .constdata          system_stm32f1xx.o
    0x08007314   0x08007314   0x00000008   Data   RO         3433    .constdata          system_stm32f1xx.o
    0x0800731c   0x0800731c   0x00000004   PAD
    0x08007320   0x08007320   0x00000098   Data   RO         3761    .constdata          m_ws.l(atan.o)
    0x080073b8   0x080073b8   0x00000088   Data   RO         3795    .constdata          m_ws.l(pow.o)
    0x08007440   0x08007440   0x00000030   Data   RO         4128    .constdata          m_ws.l(cos_i.o)
    0x08007470   0x08007470   0x00000008   Data   RO         4148    .constdata          m_ws.l(qnan.o)
    0x08007478   0x08007478   0x000000c8   Data   RO         4151    .constdata          m_ws.l(rred.o)
    0x08007540   0x08007540   0x00000028   Data   RO         4155    .constdata          m_ws.l(sin_i.o)
    0x08007568   0x08007568   0x00000040   Data   RO         4220    .constdata          mc_w.l(ctype_c.o)
    0x080075a8   0x080075a8   0x00000020   Data   RO         4226    Region$$Table       anon$$obj.o


    Execution Region RW_IRAM1 (Exec base: 0x20000000, Load base: 0x080075c8, Size: 0x00001180, Max: 0x00005000, ABSOLUTE)

    Exec Addr    Load Addr    Size         Type   Attr      Idx    E Section Name        Object

    0x20000000   0x080075c8   0x00000002   Data   RW           44    .data               interface.o
    0x20000002   0x080075ca   0x00000001   Data   RW           45    .data               interface.o
    0x20000003   0x080075cb   0x00000005   PAD
    0x20000008   0x080075d0   0x00000010   Data   RW           46    .data               interface.o
    0x20000018   0x080075e0   0x00000014   Data   RW          344    .data               mainserver.o
    0x2000002c   0x080075f4   0x00000001   Data   RW          610    .data               stm32f1xx_it.o
    0x2000002d   0x080075f5   0x00000003   PAD
    0x20000030   0x080075f8   0x0000000c   Data   RW         1150    .data               stm32f1xx_hal.o
    0x2000003c   0x08007604   0x00000004   Data   RW         3434    .data               system_stm32f1xx.o
    0x20000040   0x08007608   0x00000004   Data   RW         4188    .data               mc_w.l(errno.o)
    0x20000044        -       0x00000190   Zero   RW           41    .bss                interface.o
    0x200001d4   0x0800760c   0x00000004   PAD
    0x200001d8        -       0x00000a40   Zero   RW           42    .bss                interface.o
    0x20000c18        -       0x0000001c   Zero   RW           43    .bss                interface.o
    0x20000c34        -       0x0000001e   Zero   RW          343    .bss                mainserver.o
    0x20000c52   0x0800760c   0x00000002   PAD
    0x20000c54        -       0x0000012c   Zero   RW          519    .bss                main.o
    0x20000d80        -       0x00000400   Zero   RW            1    STACK               startup_stm32f103xb.o


==============================================================================

Image component sizes


      Code (inc. data)   RO Data    RW Data    ZI Data      Debug   Object Name

      2182        150          0          0          0       9166   gcode.o
       218          0          0          0          0       2335   grblmeth.o
       598        116          0         19       3052     449011   interface.o
       838         46          0          0        300       4727   main.o
      1912        724          0         20         30       6994   mainserver.o
       464          0          0          0          0       2921   motion_control.o
      2042         36          0          0          0      11250   planner.o
       528        224          0          0          0       2244   serial_protocol.o
      1160        566          0          0          0       3106   settings.o
        36          8        236          0       1024        792   startup_stm32f103xb.o
       764         36          0          0          0       3921   stepper.o
       164         28          0         12          0       5813   stm32f1xx_hal.o
       198         14          0          0          0      28887   stm32f1xx_hal_cortex.o
       500         34          0          0          0       3471   stm32f1xx_hal_gpio.o
       544         60          0          0          0       3600   stm32f1xx_hal_msp.o
      1272        100          0          0          0       5124   stm32f1xx_hal_rcc.o
       178          0          0          0          0       1211   stm32f1xx_hal_spi.o
      1526         34          0          0          0      14634   stm32f1xx_hal_tim.o
       108         12          0          0          0       2325   stm32f1xx_hal_tim_ex.o
       560          6          0          0          0       3888   stm32f1xx_hal_uart.o
       192         42          0          1          0       5634   stm32f1xx_it.o
         2          0         24          4          0       1083   system_stm32f1xx.o
       606          0          0          0          0       7001   w25qxx.o

    ----------------------------------------------------------------------
     16632       2236        296         64       4412     579138   Object Totals
         0          0         32          0          0          0   (incl. Generated)
        40          0          4          8          6          0   (incl. Padding)

    ----------------------------------------------------------------------

      Code (inc. data)   RO Data    RW Data    ZI Data      Debug   Library Member Name

       544         70        152          0          0        124   atan.o
       220         16          0          0          0         84   ceil.o
       156          8          0          0          0        104   cos.o
       252         22         48          0          0        124   cos_i.o
        68         10          0          0          0        408   dunder.o
       220         16          0          0          0         84   floor.o
        40          0          0          0          0         68   fpclassify.o
       656         22          0          0          0        160   hypot.o
       196         26          0          0          0        100   lround.o
       170          0          0          0          0         96   poly.o
      2520        190        136          0          0        324   pow.o
         0          0          8          0          0          0   qnan.o
       148         12          0          0          0         88   round.o
       904         76        200          0          0        140   rred.o
       160         10          0          0          0        108   sin.o
       236         12         40          0          0        128   sin_i.o
        76          0          0          0          0         84   sqrt.o
        28          0          0          0          0         80   strtod.o
       100          4          0          0          0         84   trunc.o
        64          0          0          0          0         84   _sgetc.o
        40          6         64          0          0         68   ctype_c.o
         0          0          0          0          0          0   entry.o
         0          0          0          0          0          0   entry10a.o
         0          0          0          0          0          0   entry11a.o
         8          4          0          0          0          0   entry2.o
         4          0          0          0          0          0   entry5.o
         0          0          0          0          0          0   entry7b.o
         0          0          0          0          0          0   entry8b.o
         8          4          0          0          0          0   entry9a.o
        12          6          0          4          0         68   errno.o
        30          0          0          0          0          0   handlers.o
        36          8          0          0          0         68   init.o
        10          0          0          0          0         68   isspace_c.o
         0          0          0          0          0          0   iusefp.o
        30          0          0          0          0         68   llshl.o
        36          0          0          0          0         68   llsshr.o
        32          0          0          0          0         68   llushr.o
        36          0          0          0          0         68   memcpya.o
        36          0          0          0          0        108   memseta.o
      2276         86          0          0          0        520   printfa.o
       878         12          0          0          0        216   scanf_fp.o
        14          0          0          0          0         68   strlen.o
        36          0          0          0          0         80   strstr.o
       156         12          0          0          0        120   strtod.o
        44          0          0          0          0         80   uidiv.o
        98          0          0          0          0         92   uldiv.o
        48          0          0          0          0         68   cdcmple.o
        48          0          0          0          0         68   cdrcmple.o
        56          0          0          0          0         88   d2f.o
       334          0          0          0          0        148   dadd.o
       222          0          0          0          0        100   ddiv.o
       186          0          0          0          0        176   depilogue.o
        62          0          0          0          0         80   dfixi.o
       168          0          0          0          0         88   dfixir.o
        50          0          0          0          0         76   dfixui.o
        48          0          0          0          0         68   dfixul.o
        34          0          0          0          0         76   dflti.o
        26          0          0          0          0         76   dfltui.o
        24          0          0          0          0         76   dfltul.o
       228          0          0          0          0         96   dmul.o
       136          4          0          0          0         92   drnd.o
        46          0          0          0          0         80   dscalb.o
       162          0          0          0          0        100   dsqrt.o
       110          0          0          0          0        168   fepilogue.o

    ----------------------------------------------------------------------
     12576        636        648          4          0       6024   Library Totals
        10          0          0          0          0          0   (incl. Padding)

    ----------------------------------------------------------------------

      Code (inc. data)   RO Data    RW Data    ZI Data      Debug   Library Name

      6694        494        584          0          0       2388   m_ws.l
      3884        138         64          4          0       1912   mc_w.l
      1988          4          0          0          0       1724   mf_w.l

    ----------------------------------------------------------------------
     12576        636        648          4          0       6024   Library Totals

    ----------------------------------------------------------------------

==============================================================================


      Code (inc. data)   RO Data    RW Data    ZI Data      Debug   

     29208       2872        944         68       4412     574134   Grand Totals
     29208       2872        944         68       4412     574134   ELF Image Totals
     29208       2872        944         68          0          0   ROM Totals

==============================================================================

    Total RO  Size (Code + RO Data)                30152 (  29.45kB)
    Total RW  Size (RW Data + ZI Data)              4480 (   4.38kB)
    Total ROM Size (Code + RO Data + RW Data)      30220 (  29.51kB)

==============================================================================

